<html>
<body>
<pre>
<h1>µVision Build Log</h1>
<h2>Tool Versions:</h2>
IDE-Version: µVision V5.43.1.0
Copyright (C) 2025 ARM Ltd and ARM Germany GmbH. All rights reserved.
License Information: DF DFDDF, DF, LIC=R4HV2-9FWPQ-BXGUY-IBA30-ZKPDD-ELBKZ
 
Tool Versions:
Toolchain:       MDK-ARM Professional  Version: 5.43.0.0
Toolchain Path:  C:\Users\User\AppData\Local\Keil_v5\ARM\ARMCLANG\Bin
C Compiler:      ArmClang.exe V6.24
Assembler:       Armasm.exe V6.24
Linker/Locator:  ArmLink.exe V6.24
Library Manager: ArmAr.exe V6.24
Hex Converter:   FromElf.exe V6.24
CPU DLL:         SARMCM3.DLL V5.43.0.0
Dialog DLL:      DCM.DLL V1.17.5.0
Target DLL:      STLink\ST-LINKIII-KEIL_SWO.dll V3.3.1.0
Dialog DLL:      TCM.DLL V1.56.6.0
 
<h2>Project:</h2>
D:\MotorControl\STLM-24-25-1\MDK-ARM\STLM-24-25-1.uvprojx
Project File Date:  01/21/2026

<h2>Output:</h2>
*** Using Compiler 'V6.24', folder: 'C:\Users\User\AppData\Local\Keil_v5\ARM\ARMCLANG\Bin'
Rebuild target 'STLM-24-25-1'
assembling startup_stm32f303xe.s...
compiling motorcontrol.c...
compiling mc_config_common.c...
compiling pwm_common.c...
compiling mc_config.c...
compiling mc_tasks.c...
compiling speed_torq_ctrl.c...
compiling pwm_curr_fdbk.c...
compiling main.c...
compiling mc_tasks_foc.c...
compiling mc_api.c...
compiling regular_conversion_manager.c...
compiling stm32f3xx_hal_adc.c...
compiling mc_configuration_registers.c...
compiling mc_math.c...
compiling mc_app_hooks.c...
compiling mc_parameters.c...
compiling stm32f30x_mc_it.c...
compiling stm32_mc_common_it.c...
compiling stm32f3xx_it.c...
compiling mc_interface.c...
compiling stm32f3xx_hal_msp.c...
compiling stm32f3xx_hal.c...
compiling stm32f3xx_hal_pwr_ex.c...
compiling stm32f3xx_hal_rcc.c...
compiling stm32f3xx_hal_pwr.c...
compiling stm32f3xx_hal_rcc_ex.c...
compiling stm32f3xx_hal_gpio.c...
compiling stm32f3xx_hal_cortex.c...
compiling stm32f3xx_hal_dma.c...
compiling stm32f3xx_hal_flash_ex.c...
compiling stm32f3xx_hal_flash.c...
compiling stm32f3xx_hal_i2c_ex.c...
compiling stm32f3xx_hal_exti.c...
compiling system_stm32f3xx.c...
compiling stm32f3xx_hal_uart_ex.c...
compiling stm32f3xx_hal_adc_ex.c...
compiling bus_voltage_sensor.c...
compiling circle_limitation.c...
compiling stm32f3xx_hal_tim_ex.c...
compiling digital_output.c...
compiling enc_align_ctrl.c...
compiling encoder_speed_pos_fdbk.c...
compiling stm32f3xx_hal_uart.c...
compiling ntc_temperature_sensor.c...
compiling trajectory_ctrl.c...
compiling open_loop.c...
compiling pid_regulator.c...
compiling pqd_motor_power_measurement.c...
compiling stm32f3xx_hal_i2c.c...
compiling stm32f3xx_hal_tim.c...
compiling r_divider_bus_voltage_sensor.c...
compiling ramp_ext_mngr.c...
compiling speed_pos_fdbk.c...
compiling revup_ctrl.c...
compiling virtual_speed_sensor.c...
compiling r3_2_f30x_pwm_curr_fdbk.c...
linking...
Program Size: Code=24014 RO-data=1162 RW-data=940 ZI-data=2172  
FromELF: creating hex file...
"STLM-24-25-1\STLM-24-25-1.axf" - 0 Error(s), 0 Warning(s).

<h2>Software Packages used:</h2>

Package Vendor: ARM
                https://www.keil.com/pack/ARM.CMSIS.6.2.0.pack
                ARM::CMSIS@6.2.0
                CMSIS (Common Microcontroller Software Interface Standard)
   * Component: CORE Version: 6.1.1

Package Vendor: Keil
                https://www.keil.com/pack/Keil.STM32F3xx_DFP.3.0.0.pack
                Keil::STM32F3xx_DFP@3.0.0
                STMicroelectronics STM32F3 Series Device Support

<h2>Collection of Component include folders:</h2>
  ./RTE/_STLM-24-25-1
  C:/Users/User/AppData/Local/Arm/Packs/ARM/CMSIS/6.2.0/CMSIS/Core/Include

<h2>Collection of Component Files used:</h2>

   * Component: ARM::CMSIS:CORE@6.1.1
Build Time Elapsed:  00:00:05
</pre>
</body>
</html>
