Component: Arm Compiler for Embedded 6.24 Tool: armlink [5f371500]

==============================================================================

Section Cross References

    startup_stm32f303xe.o(STACK) refers (Special) to heapauxi.o(.text) for __use_two_region_memory
    startup_stm32f303xe.o(HEAP) refers (Special) to heapauxi.o(.text) for __use_two_region_memory
    startup_stm32f303xe.o(RESET) refers (Special) to heapauxi.o(.text) for __use_two_region_memory
    startup_stm32f303xe.o(RESET) refers to startup_stm32f303xe.o(STACK) for __initial_sp
    startup_stm32f303xe.o(RESET) refers to startup_stm32f303xe.o(.text) for Reset_Handler
    startup_stm32f303xe.o(RESET) refers to stm32_mc_common_it.o(.text.HardFault_Handler) for HardFault_Handler
    startup_stm32f303xe.o(RESET) refers to stm32_mc_common_it.o(.text.SysTick_Handler) for SysTick_Handler
    startup_stm32f303xe.o(RESET) refers to stm32f30x_mc_it.o(.text.ADC1_2_IRQHandler) for ADC1_2_IRQHandler
    startup_stm32f303xe.o(RESET) refers to stm32f30x_mc_it.o(.text.TIM1_BRK_TIM15_IRQHandler) for TIM1_BRK_TIM15_IRQHandler
    startup_stm32f303xe.o(RESET) refers to stm32f30x_mc_it.o(.text.TIM1_UP_TIM16_IRQHandler) for TIM1_UP_TIM16_IRQHandler
    startup_stm32f303xe.o(RESET) refers to stm32_mc_common_it.o(.text.TIM2_IRQHandler) for TIM2_IRQHandler
    startup_stm32f303xe.o(.text) refers (Special) to heapauxi.o(.text) for __use_two_region_memory
    startup_stm32f303xe.o(.text) refers to system_stm32f3xx.o(.text.SystemInit) for SystemInit
    startup_stm32f303xe.o(.text) refers to __main.o(!!!main) for __main
    startup_stm32f303xe.o(.text) refers to startup_stm32f303xe.o(HEAP) for Heap_Mem
    startup_stm32f303xe.o(.text) refers to startup_stm32f303xe.o(STACK) for Stack_Mem
    main.o(.text.main) refers to stm32f3xx_hal.o(.text.HAL_Init) for HAL_Init
    main.o(.text.main) refers to main.o(.text.SystemClock_Config) for SystemClock_Config
    main.o(.text.main) refers to rt_memclr_w.o(.text) for __aeabi_memclr4
    main.o(.text.main) refers to main.o(.bss.hadc1) for hadc1
    main.o(.text.main) refers to stm32f3xx_hal_adc_ex.o(.text.HAL_ADC_Init) for HAL_ADC_Init
    main.o(.text.main) refers to stm32f3xx_hal_adc_ex.o(.text.HAL_ADCEx_MultiModeConfigChannel) for HAL_ADCEx_MultiModeConfigChannel
    main.o(.text.main) refers to stm32f3xx_hal_adc_ex.o(.text.HAL_ADCEx_InjectedConfigChannel) for HAL_ADCEx_InjectedConfigChannel
    main.o(.text.main) refers to stm32f3xx_hal_adc_ex.o(.text.HAL_ADC_ConfigChannel) for HAL_ADC_ConfigChannel
    main.o(.text.main) refers to main.o(.bss.hadc2) for hadc2
    main.o(.text.main) refers to main.o(.bss.htim1) for htim1
    main.o(.text.main) refers to stm32f3xx_hal_tim.o(.text.HAL_TIM_PWM_Init) for HAL_TIM_PWM_Init
    main.o(.text.main) refers to stm32f3xx_hal_tim_ex.o(.text.HAL_TIMEx_MasterConfigSynchronization) for HAL_TIMEx_MasterConfigSynchronization
    main.o(.text.main) refers to stm32f3xx_hal_tim.o(.text.HAL_TIM_PWM_ConfigChannel) for HAL_TIM_PWM_ConfigChannel
    main.o(.text.main) refers to stm32f3xx_hal_tim_ex.o(.text.HAL_TIMEx_ConfigBreakDeadTime) for HAL_TIMEx_ConfigBreakDeadTime
    main.o(.text.main) refers to stm32f3xx_hal_msp.o(.text.HAL_TIM_MspPostInit) for HAL_TIM_MspPostInit
    main.o(.text.main) refers to main.o(.bss.htim2) for htim2
    main.o(.text.main) refers to stm32f3xx_hal_tim.o(.text.HAL_TIM_Encoder_Init) for HAL_TIM_Encoder_Init
    main.o(.text.main) refers to motorcontrol.o(.text.MX_MotorControl_Init) for MX_MotorControl_Init
    main.o(.text.main) refers to main.o(.bss.huart2) for huart2
    main.o(.text.main) refers to stm32f3xx_hal_uart.o(.text.HAL_UART_Init) for HAL_UART_Init
    main.o(.text.main) refers to stm32f3xx_hal_cortex.o(.text.HAL_NVIC_SetPriority) for HAL_NVIC_SetPriority
    main.o(.text.main) refers to stm32f3xx_hal_cortex.o(.text.HAL_NVIC_EnableIRQ) for HAL_NVIC_EnableIRQ
    main.o(.ARM.exidx.text.main) refers to main.o(.text.main) for [Anonymous Symbol]
    main.o(.text.SystemClock_Config) refers to rt_memclr_w.o(.text) for __aeabi_memclr4
    main.o(.text.SystemClock_Config) refers to stm32f3xx_hal_rcc.o(.text.HAL_RCC_OscConfig) for HAL_RCC_OscConfig
    main.o(.text.SystemClock_Config) refers to stm32f3xx_hal_rcc.o(.text.HAL_RCC_ClockConfig) for HAL_RCC_ClockConfig
    main.o(.text.SystemClock_Config) refers to stm32f3xx_hal_rcc_ex.o(.text.HAL_RCCEx_PeriphCLKConfig) for HAL_RCCEx_PeriphCLKConfig
    main.o(.text.SystemClock_Config) refers to stm32f3xx_hal_rcc.o(.text.HAL_RCC_EnableCSS) for HAL_RCC_EnableCSS
    main.o(.ARM.exidx.text.SystemClock_Config) refers to main.o(.text.SystemClock_Config) for [Anonymous Symbol]
    main.o(.ARM.exidx.text.Error_Handler) refers to main.o(.text.Error_Handler) for [Anonymous Symbol]
    motorcontrol.o(.text.MX_MotorControl_Init) refers to stm32f3xx_hal_rcc.o(.text.HAL_RCC_GetHCLKFreq) for HAL_RCC_GetHCLKFreq
[...]
    [Anonymous Symbol]                       0x08003e30   Section        0  r3_2_f30x_pwm_curr_fdbk.o(.text.R3_2_RLSwitchOnPWM)
    R3_2_RLTurnOnLowSides                    0x08003eb5   Thumb Code    74  r3_2_f30x_pwm_curr_fdbk.o(.text.R3_2_RLTurnOnLowSides)
    [Anonymous Symbol]                       0x08003eb4   Section        0  r3_2_f30x_pwm_curr_fdbk.o(.text.R3_2_RLTurnOnLowSides)
    [Anonymous Symbol]                       0x08003f00   Section        0  r3_2_f30x_pwm_curr_fdbk.o(.text.R3_2_RLTurnOnLowSidesAndStart)
    [Anonymous Symbol]                       0x08003fa0   Section        0  r3_2_f30x_pwm_curr_fdbk.o(.text.R3_2_SetADCSampPointPolarization)
    [Anonymous Symbol]                       0x08003fd8   Section        0  r3_2_f30x_pwm_curr_fdbk.o(.text.R3_2_SetADCSampPointSectX)
    [Anonymous Symbol]                       0x08004054   Section        0  r3_2_f30x_pwm_curr_fdbk.o(.text.R3_2_SetOffsetCalib)
    [Anonymous Symbol]                       0x0800406c   Section        0  r3_2_f30x_pwm_curr_fdbk.o(.text.R3_2_SwitchOffPWM)
    [Anonymous Symbol]                       0x080040b4   Section        0  r3_2_f30x_pwm_curr_fdbk.o(.text.R3_2_SwitchOnPWM)
    [Anonymous Symbol]                       0x08004164   Section        0  r3_2_f30x_pwm_curr_fdbk.o(.text.R3_2_TIMx_UP_IRQHandler)
    [Anonymous Symbol]                       0x080041e8   Section        0  r3_2_f30x_pwm_curr_fdbk.o(.text.R3_2_TurnOnLowSides)
    [Anonymous Symbol]                       0x0800425c   Section        0  regular_conversion_manager.o(.text.RCM_ExecNextConv)
    [Anonymous Symbol]                       0x080042c4   Section        0  regular_conversion_manager.o(.text.RCM_ReadOngoingConv)
    [Anonymous Symbol]                       0x0800430c   Section        0  regular_conversion_manager.o(.text.RCM_RegisterRegConv)
    [Anonymous Symbol]                       0x08004430   Section        0  ramp_ext_mngr.o(.text.REMNG_Init)
    [Anonymous Symbol]                       0x08004440   Section        0  r_divider_bus_voltage_sensor.o(.text.RVBS_CalcAvVbus)
    [Anonymous Symbol]                       0x080044b0   Section        0  r_divider_bus_voltage_sensor.o(.text.RVBS_Init)
    [Anonymous Symbol]                       0x080044bc   Section        0  speed_pos_fdbk.o(.text.SPD_GetAvrgMecSpeedUnit)
    [Anonymous Symbol]                       0x080044c4   Section        0  speed_pos_fdbk.o(.text.SPD_GetMecAngle)
    [Anonymous Symbol]                       0x080044c8   Section        0  speed_pos_fdbk.o(.text.SPD_IsMecSpeedReliable)
    [Anonymous Symbol]                       0x08004524   Section        0  speed_torq_ctrl.o(.text.STC_CalcTorqueReference)
    [Anonymous Symbol]                       0x08004578   Section        0  speed_torq_ctrl.o(.text.STC_Clear)
    [Anonymous Symbol]                       0x08004594   Section        0  speed_torq_ctrl.o(.text.STC_ExecRamp)
    [Anonymous Symbol]                       0x08004630   Section        0  speed_torq_ctrl.o(.text.STC_ForceSpeedReferenceToCurrentSpeed)
    [Anonymous Symbol]                       0x08004640   Section        0  speed_torq_ctrl.o(.text.STC_GetDefaultIqdref)
    [Anonymous Symbol]                       0x08004648   Section        0  speed_torq_ctrl.o(.text.STC_GetMecSpeedRefUnitDefault)
    [Anonymous Symbol]                       0x08004650   Section        0  speed_torq_ctrl.o(.text.STC_Init)
    [Anonymous Symbol]                       0x0800467c   Section        0  speed_torq_ctrl.o(.text.STC_SetControlMode)
    [Anonymous Symbol]                       0x08004684   Section        0  speed_torq_ctrl.o(.text.STC_SetSpeedSensor)
    [Anonymous Symbol]                       0x08004688   Section        0  stm32_mc_common_it.o(.text.SysTick_Handler)
    [Anonymous Symbol]                       0x080046bc   Section        0  main.o(.text.SystemClock_Config)
    [Anonymous Symbol]                       0x08004754   Section        0  system_stm32f3xx.o(.text.SystemInit)
    [Anonymous Symbol]                       0x08004768   Section        0  trajectory_ctrl.o(.text.TC_EncAlignmentCommand)
    [Anonymous Symbol]                       0x08004894   Section        0  trajectory_ctrl.o(.text.TC_IncTick)
    [Anonymous Symbol]                       0x0800489c   Section        0  trajectory_ctrl.o(.text.TC_Init)
    [Anonymous Symbol]                       0x080048dc   Section        0  trajectory_ctrl.o(.text.TC_MoveExecution)
    [Anonymous Symbol]                       0x080049e4   Section        0  trajectory_ctrl.o(.text.TC_PositionRegulation)
    [Anonymous Symbol]                       0x08004a78   Section        0  stm32f30x_mc_it.o(.text.TIM1_BRK_TIM15_IRQHandler)
    [Anonymous Symbol]                       0x08004ad0   Section        0  stm32f30x_mc_it.o(.text.TIM1_UP_TIM16_IRQHandler)
    [Anonymous Symbol]                       0x08004aec   Section        0  stm32_mc_common_it.o(.text.TIM2_IRQHandler)
    [Anonymous Symbol]                       0x08004b18   Section        0  stm32f3xx_hal_tim.o(.text.TIM_Base_SetConfig)
    [Anonymous Symbol]                       0x08004c70   Section        0  mc_tasks.o(.text.TSK_ChargeBootCapDelayHasElapsedM1)
    [Anonymous Symbol]                       0x08004c84   Section        0  mc_tasks.o(.text.TSK_HardwareFaultTask)
    [Anonymous Symbol]                       0x08004ca0   Section        0  mc_tasks.o(.text.TSK_HighFrequencyTask)
    [Anonymous Symbol]                       0x08004cac   Section        0  mc_tasks_foc.o(.text.TSK_MF_StopProcessing)
    [Anonymous Symbol]                       0x08004cf4   Section        0  mc_tasks_foc.o(.text.TSK_MediumFrequencyTaskM1)
    [Anonymous Symbol]                       0x08005008   Section        0  mc_tasks.o(.text.TSK_SafetyTask)
    [Anonymous Symbol]                       0x08005020   Section        0  mc_tasks.o(.text.TSK_SafetyTask_PWMOFF)
    [Anonymous Symbol]                       0x080050d0   Section        0  mc_tasks.o(.text.TSK_SetChargeBootCapDelayM1)
    [Anonymous Symbol]                       0x080050dc   Section        0  mc_tasks.o(.text.TSK_SetStopPermanencyTimeM1)
    [Anonymous Symbol]                       0x080050e8   Section        0  mc_tasks.o(.text.TSK_StopPermanencyTimeHasElapsedM1)
    [Anonymous Symbol]                       0x080050fc   Section        0  stm32f3xx_hal_uart.o(.text.UART_AdvFeatureConfig)
    [Anonymous Symbol]                       0x080051e4   Section        0  stm32f3xx_hal_uart.o(.text.UART_CheckIdleState)
    [Anonymous Symbol]                       0x0800534c   Section        0  stm32f3xx_hal_uart.o(.text.UART_SetConfig)
    [Anonymous Symbol]                       0x08005510   Section        0  stm32f3xx_hal_uart.o(.text.UART_WaitOnFlagUntilTimeout)
    [Anonymous Symbol]                       0x08005850   Section        0  virtual_speed_sensor.o(.text.VSS_Clear)
    [Anonymous Symbol]                       0x0800586c   Section        0  virtual_speed_sensor.o(.text.VSS_Init)
    [Anonymous Symbol]                       0x08005870   Section        0  virtual_speed_sensor.o(.text.VSS_SetMecAcceleration)
    [Anonymous Symbol]                       0x080058f8   Section        0  main.o(.text.main)
    [Anonymous Symbol]                       0x08005d4c   Section        0  mc_tasks.o(.text.mc_lock_pins)
    [Anonymous Symbol]                       0x08005e7c   Section        0  pwm_common.o(.text.startTimers)
    [Anonymous Symbol]                       0x08005efc   Section        0  pwm_common.o(.text.waitForPolarizationEnd)
    $v0                                      0x08005f48   Number         0  fpinit.o(x$fpl$fpinit)
    x$fpl$fpinit                             0x08005f48   Section       26  fpinit.o(x$fpl$fpinit)
    aPLLMULFactorTable                       0x08006008   Data          16  stm32f3xx_hal_rcc.o(.rodata.cst16)
    [Anonymous Symbol]                       0x08006008   Section        0  stm32f3xx_hal_rcc.o(.rodata.cst16)
    aPredivFactorTable                       0x08006018   Data          16  stm32f3xx_hal_rcc.o(.rodata.cst16)
    .Lswitch.table.UART_SetConfig.4          0x08006028   Data          16  stm32f3xx_hal_uart.o(.rodata.cst16)
    .L_MergedGlobals                         0x20000000   Data           8  stm32f3xx_hal.o(.data..L_MergedGlobals)
    [Anonymous Symbol]                       0x20000000   Section        0  stm32f3xx_hal.o(.data..L_MergedGlobals)
    SysTick_Handler.SystickDividerCounter    0x20000310   Data           1  stm32_mc_common_it.o(.data.SysTick_Handler.SystickDividerCounter)
    [Anonymous Symbol]                       0x20000310   Section        0  stm32_mc_common_it.o(.data.SysTick_Handler.SystickDividerCounter)
    .bss                                     0x200003b0   Section       96  libspace.o(.bss)
    .L_MergedGlobals                         0x20000410   Data           8  mc_tasks.o(.bss..L_MergedGlobals)
    bMCBootCompleted                         0x20000410   Data           1  mc_tasks.o(.bss..L_MergedGlobals)
    [Anonymous Symbol]                       0x20000410   Section        0  mc_tasks.o(.bss..L_MergedGlobals)
    hMFTaskCounterM1                         0x20000412   Data           2  mc_tasks.o(.bss..L_MergedGlobals)
    hBootCapDelayCounterM1                   0x20000414   Data           2  mc_tasks.o(.bss..L_MergedGlobals)
    hStopPermanencyCounterM1                 0x20000416   Data           2  mc_tasks.o(.bss..L_MergedGlobals)
    .L_MergedGlobals                         0x20000418   Data          20  regular_conversion_manager.o(.bss..L_MergedGlobals)
    RCM_conversion_nb                        0x20000418   Data           1  regular_conversion_manager.o(.bss..L_MergedGlobals)
    [Anonymous Symbol]                       0x20000418   Section        0  regular_conversion_manager.o(.bss..L_MergedGlobals)
    RCM_array_index                          0x20000419   Data           1  regular_conversion_manager.o(.bss..L_MergedGlobals)
    RCM_handle_array                         0x2000041c   Data          16  regular_conversion_manager.o(.bss..L_MergedGlobals)
    HAL_RCC_ADC12_CLK_ENABLED                0x20000450   Data           4  stm32f3xx_hal_msp.o(.bss.HAL_RCC_ADC12_CLK_ENABLED)
    [Anonymous Symbol]                       0x20000450   Section        0  stm32f3xx_hal_msp.o(.bss.HAL_RCC_ADC12_CLK_ENABLED)
    Heap_Mem                                 0x20000628   Data         512  startup_stm32f303xe.o(HEAP)
    HEAP                                     0x20000628   Section      512  startup_stm32f303xe.o(HEAP)
    Stack_Mem                                0x20000828   Data        1024  startup_stm32f303xe.o(STACK)
    STACK                                    0x20000828   Section     1024  startup_stm32f303xe.o(STACK)
    __initial_sp                             0x20000c28   Data           0  startup_stm32f303xe.o(STACK)

    Global Symbols

    Symbol Name                              Value     Ov Type        Size  Object(Section)

    BuildAttributes$$THM_ISAv4$E$P$D$K$B$S$7EM$VFPi3$EXTD16$VFPS$VFMA$PE$A:L22UL41UL21$X:L11$S22US41US21$IEEE1$IW$~IW$USESV6$~STKCKD$USESV7$~SHL$OTIME$ROPI$EBA8$UX$STANDARDLIB$REQ8$PRES8$EABIv2 0x00000000   Number         0  anon$$obj.o ABSOLUTE
    __ARM_exceptions_init                     - Undefined Weak Reference
    __alloca_initialize                       - Undefined Weak Reference
    __arm_preinit_                            - Undefined Weak Reference
    __arm_relocate_pie_                       - Undefined Weak Reference
    __cpp_initialize__aeabi_                  - Undefined Weak Reference
    __cxa_finalize                            - Undefined Weak Reference
    __rt_locale                               - Undefined Weak Reference
    __sigvec_lookup                           - Undefined Weak Reference
    _atexit_init                              - Undefined Weak Reference
    _call_atexit_fns                          - Undefined Weak Reference
    _clock_init                               - Undefined Weak Reference
    _fp_trap_init                             - Undefined Weak Reference
    _fp_trap_shutdown                         - Undefined Weak Reference
    _get_lc_collate                           - Undefined Weak Reference
    _get_lc_ctype                             - Undefined Weak Reference
    _get_lc_monetary                          - Undefined Weak Reference
    _get_lc_numeric                           - Undefined Weak Reference
    _get_lc_time                              - Undefined Weak Reference
    _getenv_init                              - Undefined Weak Reference
    _handle_redirection                       - Undefined Weak Reference
    _init_alloc                               - Undefined Weak Reference
    _init_user_alloc                          - Undefined Weak Reference
    _initio                                   - Undefined Weak Reference
    _rand_init                                - Undefined Weak Reference
    _signal_finish                            - Undefined Weak Reference
    _signal_init                              - Undefined Weak Reference
    _terminate_alloc                          - Undefined Weak Reference
    _terminate_user_alloc                     - Undefined Weak Reference
    _terminateio                              - Undefined Weak Reference
    __Vectors_Size                           0x00000194   Number         0  startup_stm32f303xe.o ABSOLUTE
    __Vectors                                0x08000000   Data           4  startup_stm32f303xe.o(RESET)
    __Vectors_End                            0x08000194   Data           0  startup_stm32f303xe.o(RESET)
    __main                                   0x08000195   Thumb Code     8  __main.o(!!!main)
    __scatterload                            0x0800019d   Thumb Code     0  __scatter.o(!!!scatter)
    __scatterload_rt2                        0x0800019d   Thumb Code    84  __scatter.o(!!!scatter)
    __scatterload_rt2_thumb_only             0x0800019d   Thumb Code     0  __scatter.o(!!!scatter)
    __scatterload_loop                       0x080001a7   Thumb Code     0  __scatter.o(!!!scatter)
    __decompress                             0x080001f9   Thumb Code    90  __dczerorl2.o(!!dczerorl2)
    __decompress1                            0x080001f9   Thumb Code     0  __dczerorl2.o(!!dczerorl2)
    __scatterload_null                       0x08000255   Thumb Code     2  __scatter.o(!!handler_null)
    __scatterload_zeroinit                   0x08000259   Thumb Code    28  __scatter_zi.o(!!handler_zi)
    __rt_lib_init                            0x08000275   Thumb Code     0  libinit.o(.ARM.Collect$$libinit$$00000000)
    __rt_lib_init_fp_1                       0x08000277   Thumb Code     0  libinit2.o(.ARM.Collect$$libinit$$00000001)
    __rt_lib_init_alloca_1                   0x0800027b   Thumb Code     0  libinit2.o(.ARM.Collect$$libinit$$00000030)
    __rt_lib_init_argv_1                     0x0800027b   Thumb Code     0  libinit2.o(.ARM.Collect$$libinit$$0000002E)
    __rt_lib_init_atexit_1                   0x0800027b   Thumb Code     0  libinit2.o(.ARM.Collect$$libinit$$0000001D)
    __rt_lib_init_clock_1                    0x0800027b   Thumb Code     0  libinit2.o(.ARM.Collect$$libinit$$00000023)
    __rt_lib_init_cpp_1                      0x0800027b   Thumb Code     0  libinit2.o(.ARM.Collect$$libinit$$00000034)
    __rt_lib_init_exceptions_1               0x0800027b   Thumb Code     0  libinit2.o(.ARM.Collect$$libinit$$00000032)
    __rt_lib_init_fp_trap_1                  0x0800027b   Thumb Code     0  libinit2.o(.ARM.Collect$$libinit$$00000021)
    __rt_lib_init_getenv_1                   0x0800027b   Thumb Code     0  libinit2.o(.ARM.Collect$$libinit$$00000025)
    __rt_lib_init_heap_1                     0x0800027b   Thumb Code     0  libinit2.o(.ARM.Collect$$libinit$$0000000C)
    __rt_lib_init_lc_collate_1               0x0800027b   Thumb Code     0  libinit2.o(.ARM.Collect$$libinit$$00000013)
    __rt_lib_init_lc_ctype_1                 0x0800027b   Thumb Code     0  libinit2.o(.ARM.Collect$$libinit$$00000015)
    __rt_lib_init_lc_monetary_1              0x0800027b   Thumb Code     0  libinit2.o(.ARM.Collect$$libinit$$00000017)
    __rt_lib_init_lc_numeric_1               0x0800027b   Thumb Code     0  libinit2.o(.ARM.Collect$$libinit$$00000019)
    __rt_lib_init_lc_time_1                  0x0800027b   Thumb Code     0  libinit2.o(.ARM.Collect$$libinit$$0000001B)
    __rt_lib_init_preinit_1                  0x0800027b   Thumb Code     0  libinit2.o(.ARM.Collect$$libinit$$00000006)
    __rt_lib_init_rand_1                     0x0800027b   Thumb Code     0  libinit2.o(.ARM.Collect$$libinit$$00000010)
    __rt_lib_init_relocate_pie_1             0x0800027b   Thumb Code     0  libinit2.o(.ARM.Collect$$libinit$$00000004)
    __rt_lib_init_return                     0x0800027b   Thumb Code     0  libinit2.o(.ARM.Collect$$libinit$$00000035)
    __rt_lib_init_signal_1                   0x0800027b   Thumb Code     0  libinit2.o(.ARM.Collect$$libinit$$0000001F)
    __rt_lib_init_stdio_1                    0x0800027b   Thumb Code     0  libinit2.o(.ARM.Collect$$libinit$$00000027)
    __rt_lib_init_user_alloc_1               0x0800027b   Thumb Code     0  libinit2.o(.ARM.Collect$$libinit$$0000000E)
    __rt_lib_shutdown                        0x0800027d   Thumb Code     0  libshutdown.o(.ARM.Collect$$libshutdown$$00000000)
    __rt_lib_shutdown_cpp_1                  0x0800027f   Thumb Code     0  libshutdown2.o(.ARM.Collect$$libshutdown$$00000002)
    __rt_lib_shutdown_fp_trap_1              0x0800027f   Thumb Code     0  libshutdown2.o(.ARM.Collect$$libshutdown$$00000007)
    __rt_lib_shutdown_heap_1                 0x0800027f   Thumb Code     0  libshutdown2.o(.ARM.Collect$$libshutdown$$0000000F)
    __rt_lib_shutdown_return                 0x0800027f   Thumb Code     0  libshutdown2.o(.ARM.Collect$$libshutdown$$00000010)
    __rt_lib_shutdown_signal_1               0x0800027f   Thumb Code     0  libshutdown2.o(.ARM.Collect$$libshutdown$$0000000A)
    __rt_lib_shutdown_stdio_1                0x0800027f   Thumb Code     0  libshutdown2.o(.ARM.Collect$$libshutdown$$00000004)
    __rt_lib_shutdown_user_alloc_1           0x0800027f   Thumb Code     0  libshutdown2.o(.ARM.Collect$$libshutdown$$0000000C)
    __rt_entry                               0x08000281   Thumb Code     0  __rtentry.o(.ARM.Collect$$rtentry$$00000000)
    __rt_entry_presh_1                       0x08000281   Thumb Code     0  __rtentry2.o(.ARM.Collect$$rtentry$$00000002)
    __rt_entry_sh                            0x08000281   Thumb Code     0  __rtentry4.o(.ARM.Collect$$rtentry$$00000004)
    __rt_entry_li                            0x08000287   Thumb Code     0  __rtentry2.o(.ARM.Collect$$rtentry$$0000000A)
    __rt_entry_postsh_1                      0x08000287   Thumb Code     0  __rtentry2.o(.ARM.Collect$$rtentry$$00000009)
    __rt_entry_main                          0x0800028b   Thumb Code     0  __rtentry2.o(.ARM.Collect$$rtentry$$0000000D)
    __rt_entry_postli_1                      0x0800028b   Thumb Code     0  __rtentry2.o(.ARM.Collect$$rtentry$$0000000C)
    __rt_exit                                0x08000293   Thumb Code     0  rtexit.o(.ARM.Collect$$rtexit$$00000000)
    __rt_exit_ls                             0x08000295   Thumb Code     0  rtexit2.o(.ARM.Collect$$rtexit$$00000003)
    __rt_exit_prels_1                        0x08000295   Thumb Code     0  rtexit2.o(.ARM.Collect$$rtexit$$00000002)
    __rt_exit_exit                           0x08000299   Thumb Code     0  rtexit2.o(.ARM.Collect$$rtexit$$00000004)
    Reset_Handler                            0x080002a1   Thumb Code     8  startup_stm32f303xe.o(.text)
    NMI_Handler                              0x080002a9   Thumb Code     2  startup_stm32f303xe.o(.text)
    MemManage_Handler                        0x080002ad   Thumb Code     2  startup_stm32f303xe.o(.text)
    BusFault_Handler                         0x080002af   Thumb Code     2  startup_stm32f303xe.o(.text)
    UsageFault_Handler                       0x080002b1   Thumb Code     2  startup_stm32f303xe.o(.text)
    SVC_Handler                              0x080002b3   Thumb Code     2  startup_stm32f303xe.o(.text)
    DebugMon_Handler                         0x080002b5   Thumb Code     2  startup_stm32f303xe.o(.text)
    PendSV_Handler                           0x080002b7   Thumb Code     2  startup_stm32f303xe.o(.text)
    ADC3_IRQHandler                          0x080002bb   Thumb Code     0  startup_stm32f303xe.o(.text)
    ADC4_IRQHandler                          0x080002bb   Thumb Code     0  startup_stm32f303xe.o(.text)
    CAN_RX1_IRQHandler                       0x080002bb   Thumb Code     0  startup_stm32f303xe.o(.text)
    CAN_SCE_IRQHandler                       0x080002bb   Thumb Code     0  startup_stm32f303xe.o(.text)
    COMP1_2_3_IRQHandler                     0x080002bb   Thumb Code     0  startup_stm32f303xe.o(.text)
    COMP4_5_6_IRQHandler                     0x080002bb   Thumb Code     0  startup_stm32f303xe.o(.text)
    COMP7_IRQHandler                         0x080002bb   Thumb Code     0  startup_stm32f303xe.o(.text)
    DMA1_Channel1_IRQHandler                 0x080002bb   Thumb Code     0  startup_stm32f303xe.o(.text)
    DMA1_Channel2_IRQHandler                 0x080002bb   Thumb Code     0  startup_stm32f303xe.o(.text)
    DMA1_Channel3_IRQHandler                 0x080002bb   Thumb Code     0  startup_stm32f303xe.o(.text)
    DMA1_Channel4_IRQHandler                 0x080002bb   Thumb Code     0  startup_stm32f303xe.o(.text)
    DMA1_Channel5_IRQHandler                 0x080002bb   Thumb Code     0  startup_stm32f303xe.o(.text)
    DMA1_Channel6_IRQHandler                 0x080002bb   Thumb Code     0  startup_stm32f303xe.o(.text)
    DMA1_Channel7_IRQHandler                 0x080002bb   Thumb Code     0  startup_stm32f303xe.o(.text)
    DMA2_Channel1_IRQHandler                 0x080002bb   Thumb Code     0  startup_stm32f303xe.o(.text)
    DMA2_Channel2_IRQHandler                 0x080002bb   Thumb Code     0  startup_stm32f303xe.o(.text)
    DMA2_Channel3_IRQHandler                 0x080002bb   Thumb Code     0  startup_stm32f303xe.o(.text)
    DMA2_Channel4_IRQHandler                 0x080002bb   Thumb Code     0  startup_stm32f303xe.o(.text)
    DMA2_Channel5_IRQHandler                 0x080002bb   Thumb Code     0  startup_stm32f303xe.o(.text)
    EXTI0_IRQHandler                         0x080002bb   Thumb Code     0  startup_stm32f303xe.o(.text)
    EXTI15_10_IRQHandler                     0x080002bb   Thumb Code     0  startup_stm32f303xe.o(.text)
    EXTI1_IRQHandler                         0x080002bb   Thumb Code     0  startup_stm32f303xe.o(.text)
    EXTI2_TSC_IRQHandler                     0x080002bb   Thumb Code     0  startup_stm32f303xe.o(.text)
    EXTI3_IRQHandler                         0x080002bb   Thumb Code     0  startup_stm32f303xe.o(.text)
    EXTI4_IRQHandler                         0x080002bb   Thumb Code     0  startup_stm32f303xe.o(.text)
    EXTI9_5_IRQHandler                       0x080002bb   Thumb Code     0  startup_stm32f303xe.o(.text)
    FLASH_IRQHandler                         0x080002bb   Thumb Code     0  startup_stm32f303xe.o(.text)
    FMC_IRQHandler                           0x080002bb   Thumb Code     0  startup_stm32f303xe.o(.text)
    FPU_IRQHandler                           0x080002bb   Thumb Code     0  startup_stm32f303xe.o(.text)
    I2C1_ER_IRQHandler                       0x080002bb   Thumb Code     0  startup_stm32f303xe.o(.text)
    I2C1_EV_IRQHandler                       0x080002bb   Thumb Code     0  startup_stm32f303xe.o(.text)
    I2C2_ER_IRQHandler                       0x080002bb   Thumb Code     0  startup_stm32f303xe.o(.text)
    I2C2_EV_IRQHandler                       0x080002bb   Thumb Code     0  startup_stm32f303xe.o(.text)
    I2C3_ER_IRQHandler                       0x080002bb   Thumb Code     0  startup_stm32f303xe.o(.text)
    I2C3_EV_IRQHandler                       0x080002bb   Thumb Code     0  startup_stm32f303xe.o(.text)
    PVD_IRQHandler                           0x080002bb   Thumb Code     0  startup_stm32f303xe.o(.text)
    RCC_IRQHandler                           0x080002bb   Thumb Code     0  startup_stm32f303xe.o(.text)
    RTC_Alarm_IRQHandler                     0x080002bb   Thumb Code     0  startup_stm32f303xe.o(.text)
    RTC_WKUP_IRQHandler                      0x080002bb   Thumb Code     0  startup_stm32f303xe.o(.text)
    SPI1_IRQHandler                          0x080002bb   Thumb Code     0  startup_stm32f303xe.o(.text)
    SPI2_IRQHandler                          0x080002bb   Thumb Code     0  startup_stm32f303xe.o(.text)
    SPI3_IRQHandler                          0x080002bb   Thumb Code     0  startup_stm32f303xe.o(.text)
    SPI4_IRQHandler                          0x080002bb   Thumb Code     0  startup_stm32f303xe.o(.text)
    TAMP_STAMP_IRQHandler                    0x080002bb   Thumb Code     0  startup_stm32f303xe.o(.text)
    TIM1_CC_IRQHandler                       0x080002bb   Thumb Code     0  startup_stm32f303xe.o(.text)
    TIM1_TRG_COM_TIM17_IRQHandler            0x080002bb   Thumb Code     0  startup_stm32f303xe.o(.text)
    TIM20_BRK_IRQHandler                     0x080002bb   Thumb Code     0  startup_stm32f303xe.o(.text)
    TIM20_CC_IRQHandler                      0x080002bb   Thumb Code     0  startup_stm32f303xe.o(.text)
    TIM20_TRG_COM_IRQHandler                 0x080002bb   Thumb Code     0  startup_stm32f303xe.o(.text)
    TIM20_UP_IRQHandler                      0x080002bb   Thumb Code     0  startup_stm32f303xe.o(.text)
    TIM3_IRQHandler                          0x080002bb   Thumb Code     0  startup_stm32f303xe.o(.text)
    TIM4_IRQHandler                          0x080002bb   Thumb Code     0  startup_stm32f303xe.o(.text)
    TIM6_DAC_IRQHandler                      0x080002bb   Thumb Code     0  startup_stm32f303xe.o(.text)
    TIM7_IRQHandler                          0x080002bb   Thumb Code     0  startup_stm32f303xe.o(.text)
    TIM8_BRK_IRQHandler                      0x080002bb   Thumb Code     0  startup_stm32f303xe.o(.text)
    TIM8_CC_IRQHandler                       0x080002bb   Thumb Code     0  startup_stm32f303xe.o(.text)
    TIM8_TRG_COM_IRQHandler                  0x080002bb   Thumb Code     0  startup_stm32f303xe.o(.text)
    TIM8_UP_IRQHandler                       0x080002bb   Thumb Code     0  startup_stm32f303xe.o(.text)
    UART4_IRQHandler                         0x080002bb   Thumb Code     0  startup_stm32f303xe.o(.text)
    UART5_IRQHandler                         0x080002bb   Thumb Code     0  startup_stm32f303xe.o(.text)
    USART1_IRQHandler                        0x080002bb   Thumb Code     0  startup_stm32f303xe.o(.text)
    USART2_IRQHandler                        0x080002bb   Thumb Code     0  startup_stm32f303xe.o(.text)
    USART3_IRQHandler                        0x080002bb   Thumb Code     0  startup_stm32f303xe.o(.text)
    USBWakeUp_IRQHandler                     0x080002bb   Thumb Code     0  startup_stm32f303xe.o(.text)
    USBWakeUp_RMP_IRQHandler                 0x080002bb   Thumb Code     0  startup_stm32f303xe.o(.text)
    USB_HP_CAN_TX_IRQHandler                 0x080002bb   Thumb Code     0  startup_stm32f303xe.o(.text)
    USB_HP_IRQHandler                        0x080002bb   Thumb Code     0  startup_stm32f303xe.o(.text)
    USB_LP_CAN_RX0_IRQHandler                0x080002bb   Thumb Code     0  startup_stm32f303xe.o(.text)
    USB_LP_IRQHandler                        0x080002bb   Thumb Code     0  startup_stm32f303xe.o(.text)
    WWDG_IRQHandler                          0x080002bb   Thumb Code     0  startup_stm32f303xe.o(.text)
    __user_initial_stackheap                 0x080002bd   Thumb Code     0  startup_stm32f303xe.o(.text)
    __aeabi_memclr4                          0x080002e1   Thumb Code     0  rt_memclr_w.o(.text)
    __aeabi_memclr8                          0x080002e1   Thumb Code     0  rt_memclr_w.o(.text)
    __rt_memclr_w                            0x080002e1   Thumb Code     0  rt_memclr_w.o(.text)
    _memset_w                                0x080002e5   Thumb Code    74  rt_memclr_w.o(.text)
    __use_two_region_memory                  0x0800032f   Thumb Code     2  heapauxi.o(.text)
    __rt_heap_escrow$2region                 0x08000331   Thumb Code     2  heapauxi.o(.text)
    __rt_heap_expand$2region                 0x08000333   Thumb Code     2  heapauxi.o(.text)
    __user_setup_stackheap                   0x08000335   Thumb Code    74  sys_stackheap_outer.o(.text)
    exit                                     0x0800037f   Thumb Code    18  exit.o(.text)
    __user_libspace                          0x08000391   Thumb Code     8  libspace.o(.text)
    __user_perproc_libspace                  0x08000391   Thumb Code     0  libspace.o(.text)
    __user_perthread_libspace                0x08000391   Thumb Code     0  libspace.o(.text)
    _sys_exit                                0x08000399   Thumb Code     8  sys_exit.o(.text)
    __I$use$semihosting                      0x080003a5   Thumb Code     0  use_no_semi.o(.text)
    __use_no_semihosting_swi                 0x080003a5   Thumb Code     2  use_no_semi.o(.text)
    __semihosting_library_function           0x080003a7   Thumb Code     0  indicate_semi.o(.text)
    ADC1_2_IRQHandler                        0x080003a9   Thumb Code    12  stm32f30x_mc_it.o(.text.ADC1_2_IRQHandler)
    Circle_Limitation                        0x080003b5   Thumb Code    84  circle_limitation.o(.text.Circle_Limitation)
    EAC_Exec                                 0x08000409   Thumb Code    52  enc_align_ctrl.o(.text.EAC_Exec)
    EAC_Init                                 0x0800043d   Thumb Code    10  enc_align_ctrl.o(.text.EAC_Init)
    EAC_StartAlignment                       0x08000449   Thumb Code    90  enc_align_ctrl.o(.text.EAC_StartAlignment)
    ENC_CalcAngle                            0x080004a5   Thumb Code    46  encoder_speed_pos_fdbk.o(.text.ENC_CalcAngle)
    ENC_CalcAvrgMecSpeedUnit                 0x080004d5   Thumb Code   360  encoder_speed_pos_fdbk.o(.text.ENC_CalcAvrgMecSpeedUnit)
    ENC_Clear                                0x0800063d   Thumb Code    28  encoder_speed_pos_fdbk.o(.text.ENC_Clear)
    ENC_IRQHandler                           0x08000659   Thumb Code    16  encoder_speed_pos_fdbk.o(.text.ENC_IRQHandler)
    ENC_Init                                 0x08000669   Thumb Code   112  encoder_speed_pos_fdbk.o(.text.ENC_Init)
    ENC_SetMecAngle                          0x080006d9   Thumb Code    38  encoder_speed_pos_fdbk.o(.text.ENC_SetMecAngle)
    FOC_CalcCurrRef                          0x08000701   Thumb Code    72  mc_tasks_foc.o(.text.FOC_CalcCurrRef)
    FOC_Clear                                0x08000749   Thumb Code   100  mc_tasks_foc.o(.text.FOC_Clear)
    FOC_HighFrequencyTask                    0x080007ad   Thumb Code   254  mc_tasks_foc.o(.text.FOC_HighFrequencyTask)
    FOC_Init                                 0x080008ad   Thumb Code   288  mc_tasks_foc.o(.text.FOC_Init)
    FOC_InitAdditionalMethods                0x080009cd   Thumb Code     2  mc_tasks_foc.o(.text.FOC_InitAdditionalMethods)
    HAL_ADCEx_InjectedConfigChannel          0x080009d1   Thumb Code  1358  stm32f3xx_hal_adc_ex.o(.text.HAL_ADCEx_InjectedConfigChannel)
    HAL_ADCEx_MultiModeConfigChannel         0x08000f21   Thumb Code   270  stm32f3xx_hal_adc_ex.o(.text.HAL_ADCEx_MultiModeConfigChannel)
    HAL_ADC_ConfigChannel                    0x08001031   Thumb Code   924  stm32f3xx_hal_adc_ex.o(.text.HAL_ADC_ConfigChannel)
    HAL_ADC_Init                             0x080013cd   Thumb Code   838  stm32f3xx_hal_adc_ex.o(.text.HAL_ADC_Init)
    HAL_ADC_MspInit                          0x08001715   Thumb Code   240  stm32f3xx_hal_msp.o(.text.HAL_ADC_MspInit)
    HAL_GPIO_Init                            0x08001805   Thumb Code   434  stm32f3xx_hal_gpio.o(.text.HAL_GPIO_Init)
    HAL_GetTick                              0x080019b9   Thumb Code    12  stm32f3xx_hal.o(.text.HAL_GetTick)
    HAL_IncTick                              0x080019c5   Thumb Code    26  stm32f3xx_hal.o(.text.HAL_IncTick)
    HAL_Init                                 0x080019e1   Thumb Code    38  stm32f3xx_hal.o(.text.HAL_Init)
    HAL_InitTick                             0x08001a09   Thumb Code    72  stm32f3xx_hal.o(.text.HAL_InitTick)
    HAL_MspInit                              0x08001a51   Thumb Code    54  stm32f3xx_hal_msp.o(.text.HAL_MspInit)
    HAL_NVIC_EnableIRQ                       0x08001a89   Thumb Code    34  stm32f3xx_hal_cortex.o(.text.HAL_NVIC_EnableIRQ)
    HAL_NVIC_SetPriority                     0x08001aad   Thumb Code    86  stm32f3xx_hal_cortex.o(.text.HAL_NVIC_SetPriority)
    HAL_NVIC_SetPriorityGrouping             0x08001b05   Thumb Code    32  stm32f3xx_hal_cortex.o(.text.HAL_NVIC_SetPriorityGrouping)
    HAL_RCCEx_PeriphCLKConfig                0x08001b25   Thumb Code   698  stm32f3xx_hal_rcc_ex.o(.text.HAL_RCCEx_PeriphCLKConfig)
    HAL_RCC_ClockConfig                      0x08001de1   Thumb Code   390  stm32f3xx_hal_rcc.o(.text.HAL_RCC_ClockConfig)
    HAL_RCC_EnableCSS                        0x08001f69   Thumb Code    12  stm32f3xx_hal_rcc.o(.text.HAL_RCC_EnableCSS)
    HAL_RCC_GetHCLKFreq                      0x08001f75   Thumb Code    12  stm32f3xx_hal_rcc.o(.text.HAL_RCC_GetHCLKFreq)
    HAL_RCC_GetPCLK1Freq                     0x08001f81   Thumb Code    38  stm32f3xx_hal_rcc.o(.text.HAL_RCC_GetPCLK1Freq)
    HAL_RCC_GetPCLK2Freq                     0x08001fa9   Thumb Code    38  stm32f3xx_hal_rcc.o(.text.HAL_RCC_GetPCLK2Freq)
    HAL_RCC_GetSysClockFreq                  0x08001fd1   Thumb Code    66  stm32f3xx_hal_rcc.o(.text.HAL_RCC_GetSysClockFreq)
    HAL_RCC_OscConfig                        0x08002015   Thumb Code   948  stm32f3xx_hal_rcc.o(.text.HAL_RCC_OscConfig)
    HAL_SYSTICK_Callback                     0x080023c9   Thumb Code     2  stm32f3xx_hal_cortex.o(.text.HAL_SYSTICK_Callback)
    HAL_SYSTICK_Config                       0x080023cd   Thumb Code    44  stm32f3xx_hal_cortex.o(.text.HAL_SYSTICK_Config)
    HAL_SYSTICK_IRQHandler                   0x080023f9   Thumb Code     4  stm32f3xx_hal_cortex.o(.text.HAL_SYSTICK_IRQHandler)
    HAL_TIMEx_ConfigBreakDeadTime            0x080023fd   Thumb Code   176  stm32f3xx_hal_tim_ex.o(.text.HAL_TIMEx_ConfigBreakDeadTime)
    HAL_TIMEx_MasterConfigSynchronization    0x080024ad   Thumb Code   194  stm32f3xx_hal_tim_ex.o(.text.HAL_TIMEx_MasterConfigSynchronization)
    HAL_TIM_Encoder_Init                     0x08002571   Thumb Code   182  stm32f3xx_hal_tim.o(.text.HAL_TIM_Encoder_Init)
    HAL_TIM_Encoder_MspInit                  0x08002629   Thumb Code   150  stm32f3xx_hal_msp.o(.text.HAL_TIM_Encoder_MspInit)
    HAL_TIM_MspPostInit                      0x080026c1   Thumb Code   174  stm32f3xx_hal_msp.o(.text.HAL_TIM_MspPostInit)
    HAL_TIM_PWM_ConfigChannel                0x08002771   Thumb Code   960  stm32f3xx_hal_tim.o(.text.HAL_TIM_PWM_ConfigChannel)
    HAL_TIM_PWM_Init                         0x08002b31   Thumb Code    98  stm32f3xx_hal_tim.o(.text.HAL_TIM_PWM_Init)
    HAL_TIM_PWM_MspInit                      0x08002b95   Thumb Code   112  stm32f3xx_hal_msp.o(.text.HAL_TIM_PWM_MspInit)
    HAL_UART_Init                            0x08002c05   Thumb Code    96  stm32f3xx_hal_uart.o(.text.HAL_UART_Init)
    HAL_UART_MspInit                         0x08002c65   Thumb Code   112  stm32f3xx_hal_msp.o(.text.HAL_UART_MspInit)
    HardFault_Handler                        0x08002cd5   Thumb Code     6  stm32_mc_common_it.o(.text.HardFault_Handler)
    MCI_ExecBufferedCommands                 0x08002cdd   Thumb Code   148  mc_interface.o(.text.MCI_ExecBufferedCommands)
    MCI_ExecSpeedRamp                        0x08002d71   Thumb Code    16  mc_interface.o(.text.MCI_ExecSpeedRamp)
    MCI_FaultProcessing                      0x08002d81   Thumb Code    18  mc_interface.o(.text.MCI_FaultProcessing)
    MCI_GetCurrentFaults                     0x08002d95   Thumb Code     4  mc_interface.o(.text.MCI_GetCurrentFaults)
    MCI_GetFaultState                        0x08002d99   Thumb Code    10  mc_interface.o(.text.MCI_GetFaultState)
    MCI_GetOccurredFaults                    0x08002da5   Thumb Code     4  mc_interface.o(.text.MCI_GetOccurredFaults)
    MCM_Clarke                               0x08002da9   Thumb Code    50  mc_math.o(.text.MCM_Clarke)
    MCM_Park                                 0x08002ddd   Thumb Code    72  mc_math.o(.text.MCM_Park)
    MCM_Rev_Park                             0x08002e25   Thumb Code    38  mc_math.o(.text.MCM_Rev_Park)
    MCM_Sqrt                                 0x08002e4d   Thumb Code   110  mc_math.o(.text.MCM_Sqrt)
    MCM_Trig_Functions                       0x08002ebd   Thumb Code   140  mc_math.o(.text.MCM_Trig_Functions)
    MC_APP_BootHook                          0x08002f49   Thumb Code     2  mc_app_hooks.o(.text.MC_APP_BootHook)
    MC_APP_PostMediumFrequencyHook_M1        0x08002f4d   Thumb Code     2  mc_app_hooks.o(.text.MC_APP_PostMediumFrequencyHook_M1)
    MC_RunMotorControlTasks                  0x08002f51   Thumb Code    76  mc_tasks.o(.text.MC_RunMotorControlTasks)
    MCboot                                   0x08002f9d   Thumb Code   124  mc_tasks.o(.text.MCboot)
    MX_MotorControl_Init                     0x08003019   Thumb Code    64  motorcontrol.o(.text.MX_MotorControl_Init)
    NTC_CalcAvTemp                           0x08003059   Thumb Code    80  ntc_temperature_sensor.o(.text.NTC_CalcAvTemp)
    NTC_Init                                 0x080030a9   Thumb Code    34  ntc_temperature_sensor.o(.text.NTC_Init)
    PID_Controller                           0x080030cd   Thumb Code    66  pid_regulator.o(.text.PID_Controller)
    PID_HandleInit                           0x08003111   Thumb Code    16  pid_regulator.o(.text.PID_HandleInit)
    PID_SetIntegralTerm                      0x08003121   Thumb Code     4  pid_regulator.o(.text.PID_SetIntegralTerm)
    PI_Controller                            0x08003125   Thumb Code   132  pid_regulator.o(.text.PI_Controller)
    PQD_CalcElMotorPower                     0x080031a9   Thumb Code    40  pqd_motor_power_measurement.o(.text.PQD_CalcElMotorPower)
    PWMC_CurrentReadingCalibr                0x080031d1   Thumb Code    52  pwm_curr_fdbk.o(.text.PWMC_CurrentReadingCalibr)
    PWMC_IsFaultOccurred                     0x08003205   Thumb Code    56  pwm_curr_fdbk.o(.text.PWMC_IsFaultOccurred)
    PWMC_OCP_Handler                         0x0800323d   Thumb Code    20  pwm_curr_fdbk.o(.text.PWMC_OCP_Handler)
    PWMC_OVP_Handler                         0x08003251   Thumb Code    26  pwm_curr_fdbk.o(.text.PWMC_OVP_Handler)
    PWMC_SetPhaseVoltage                     0x0800326d   Thumb Code   438  pwm_curr_fdbk.o(.text.PWMC_SetPhaseVoltage)
    PWMC_SwitchOffPWM                        0x08003425   Thumb Code     4  pwm_curr_fdbk.o(.text.PWMC_SwitchOffPWM)
    PWMC_SwitchOnPWM                         0x08003429   Thumb Code     4  pwm_curr_fdbk.o(.text.PWMC_SwitchOnPWM)
    R3_2_CurrentReadingPolarization          0x08003561   Thumb Code   328  r3_2_f30x_pwm_curr_fdbk.o(.text.R3_2_CurrentReadingPolarization)
    R3_2_GetOffsetCalib                      0x080036a9   Thumb Code    16  r3_2_f30x_pwm_curr_fdbk.o(.text.R3_2_GetOffsetCalib)
    R3_2_GetPhaseCurrents                    0x080036b9   Thumb Code   296  r3_2_f30x_pwm_curr_fdbk.o(.text.R3_2_GetPhaseCurrents)
    R3_2_Init                                0x0800386d   Thumb Code   802  r3_2_f30x_pwm_curr_fdbk.o(.text.R3_2_Init)
    R3_2_RLDetectionModeDisable              0x08003b91   Thumb Code   328  r3_2_f30x_pwm_curr_fdbk.o(.text.R3_2_RLDetectionModeDisable)
    R3_2_RLDetectionModeEnable               0x08003cd9   Thumb Code   218  r3_2_f30x_pwm_curr_fdbk.o(.text.R3_2_RLDetectionModeEnable)
    R3_2_RLDetectionModeSetDuty              0x08003db5   Thumb Code    56  r3_2_f30x_pwm_curr_fdbk.o(.text.R3_2_RLDetectionModeSetDuty)
    R3_2_RLTurnOnLowSidesAndStart            0x08003f01   Thumb Code   158  r3_2_f30x_pwm_curr_fdbk.o(.text.R3_2_RLTurnOnLowSidesAndStart)
    R3_2_SetADCSampPointPolarization         0x08003fa1   Thumb Code    54  r3_2_f30x_pwm_curr_fdbk.o(.text.R3_2_SetADCSampPointPolarization)
    R3_2_SetADCSampPointSectX                0x08003fd9   Thumb Code   122  r3_2_f30x_pwm_curr_fdbk.o(.text.R3_2_SetADCSampPointSectX)
    R3_2_SetOffsetCalib                      0x08004055   Thumb Code    22  r3_2_f30x_pwm_curr_fdbk.o(.text.R3_2_SetOffsetCalib)
    R3_2_SwitchOffPWM                        0x0800406d   Thumb Code    70  r3_2_f30x_pwm_curr_fdbk.o(.text.R3_2_SwitchOffPWM)
    R3_2_SwitchOnPWM                         0x080040b5   Thumb Code   176  r3_2_f30x_pwm_curr_fdbk.o(.text.R3_2_SwitchOnPWM)
    R3_2_TIMx_UP_IRQHandler                  0x08004165   Thumb Code   132  r3_2_f30x_pwm_curr_fdbk.o(.text.R3_2_TIMx_UP_IRQHandler)
    R3_2_TurnOnLowSides                      0x080041e9   Thumb Code   114  r3_2_f30x_pwm_curr_fdbk.o(.text.R3_2_TurnOnLowSides)
    RCM_ExecNextConv                         0x0800425d   Thumb Code   104  regular_conversion_manager.o(.text.RCM_ExecNextConv)
    RCM_ReadOngoingConv                      0x080042c5   Thumb Code    70  regular_conversion_manager.o(.text.RCM_ReadOngoingConv)
    RCM_RegisterRegConv                      0x0800430d   Thumb Code   292  regular_conversion_manager.o(.text.RCM_RegisterRegConv)
    REMNG_Init                               0x08004431   Thumb Code    16  ramp_ext_mngr.o(.text.REMNG_Init)
    RVBS_CalcAvVbus                          0x08004441   Thumb Code   112  r_divider_bus_voltage_sensor.o(.text.RVBS_CalcAvVbus)
    RVBS_Init                                0x080044b1   Thumb Code    12  r_divider_bus_voltage_sensor.o(.text.RVBS_Init)
    SPD_GetAvrgMecSpeedUnit                  0x080044bd   Thumb Code     6  speed_pos_fdbk.o(.text.SPD_GetAvrgMecSpeedUnit)
    SPD_GetMecAngle                          0x080044c5   Thumb Code     4  speed_pos_fdbk.o(.text.SPD_GetMecAngle)
    SPD_IsMecSpeedReliable                   0x080044c9   Thumb Code    92  speed_pos_fdbk.o(.text.SPD_IsMecSpeedReliable)
    STC_CalcTorqueReference                  0x08004525   Thumb Code    84  speed_torq_ctrl.o(.text.STC_CalcTorqueReference)
    STC_Clear                                0x08004579   Thumb Code    26  speed_torq_ctrl.o(.text.STC_Clear)
    STC_ExecRamp                             0x08004595   Thumb Code   154  speed_torq_ctrl.o(.text.STC_ExecRamp)
    STC_ForceSpeedReferenceToCurrentSpeed    0x08004631   Thumb Code    16  speed_torq_ctrl.o(.text.STC_ForceSpeedReferenceToCurrentSpeed)
    STC_GetDefaultIqdref                     0x08004641   Thumb Code     6  speed_torq_ctrl.o(.text.STC_GetDefaultIqdref)
    STC_GetMecSpeedRefUnitDefault            0x08004649   Thumb Code     6  speed_torq_ctrl.o(.text.STC_GetMecSpeedRefUnitDefault)
    STC_Init                                 0x08004651   Thumb Code    44  speed_torq_ctrl.o(.text.STC_Init)
    STC_SetControlMode                       0x0800467d   Thumb Code     8  speed_torq_ctrl.o(.text.STC_SetControlMode)
    STC_SetSpeedSensor                       0x08004685   Thumb Code     4  speed_torq_ctrl.o(.text.STC_SetSpeedSensor)
    SysTick_Handler                          0x08004689   Thumb Code    50  stm32_mc_common_it.o(.text.SysTick_Handler)
    SystemClock_Config                       0x080046bd   Thumb Code   152  main.o(.text.SystemClock_Config)
    SystemInit                               0x08004755   Thumb Code    18  system_stm32f3xx.o(.text.SystemInit)
    TC_EncAlignmentCommand                   0x08004769   Thumb Code   292  trajectory_ctrl.o(.text.TC_EncAlignmentCommand)
    TC_IncTick                               0x08004895   Thumb Code     8  trajectory_ctrl.o(.text.TC_IncTick)
    TC_Init                                  0x0800489d   Thumb Code    62  trajectory_ctrl.o(.text.TC_Init)
    TC_MoveExecution                         0x080048dd   Thumb Code   260  trajectory_ctrl.o(.text.TC_MoveExecution)
    TC_PositionRegulation                    0x080049e5   Thumb Code   144  trajectory_ctrl.o(.text.TC_PositionRegulation)
    TIM1_BRK_TIM15_IRQHandler                0x08004a79   Thumb Code    86  stm32f30x_mc_it.o(.text.TIM1_BRK_TIM15_IRQHandler)
    TIM1_UP_TIM16_IRQHandler                 0x08004ad1   Thumb Code    26  stm32f30x_mc_it.o(.text.TIM1_UP_TIM16_IRQHandler)
    TIM2_IRQHandler                          0x08004aed   Thumb Code    42  stm32_mc_common_it.o(.text.TIM2_IRQHandler)
    TIM_Base_SetConfig                       0x08004b19   Thumb Code   342  stm32f3xx_hal_tim.o(.text.TIM_Base_SetConfig)
    TSK_ChargeBootCapDelayHasElapsedM1       0x08004c71   Thumb Code    18  mc_tasks.o(.text.TSK_ChargeBootCapDelayHasElapsedM1)
    TSK_HardwareFaultTask                    0x08004c85   Thumb Code    28  mc_tasks.o(.text.TSK_HardwareFaultTask)
    TSK_HighFrequencyTask                    0x08004ca1   Thumb Code    12  mc_tasks.o(.text.TSK_HighFrequencyTask)
    TSK_MF_StopProcessing                    0x08004cad   Thumb Code    70  mc_tasks_foc.o(.text.TSK_MF_StopProcessing)
    TSK_MediumFrequencyTaskM1                0x08004cf5   Thumb Code   786  mc_tasks_foc.o(.text.TSK_MediumFrequencyTaskM1)
    TSK_SafetyTask                           0x08005009   Thumb Code    22  mc_tasks.o(.text.TSK_SafetyTask)
    TSK_SafetyTask_PWMOFF                    0x08005021   Thumb Code   176  mc_tasks.o(.text.TSK_SafetyTask_PWMOFF)
    TSK_SetChargeBootCapDelayM1              0x080050d1   Thumb Code    12  mc_tasks.o(.text.TSK_SetChargeBootCapDelayM1)
    TSK_SetStopPermanencyTimeM1              0x080050dd   Thumb Code    12  mc_tasks.o(.text.TSK_SetStopPermanencyTimeM1)
    TSK_StopPermanencyTimeHasElapsedM1       0x080050e9   Thumb Code    18  mc_tasks.o(.text.TSK_StopPermanencyTimeHasElapsedM1)
    UART_AdvFeatureConfig                    0x080050fd   Thumb Code   230  stm32f3xx_hal_uart.o(.text.UART_AdvFeatureConfig)
    UART_CheckIdleState                      0x080051e5   Thumb Code   360  stm32f3xx_hal_uart.o(.text.UART_CheckIdleState)
    UART_SetConfig                           0x0800534d   Thumb Code   436  stm32f3xx_hal_uart.o(.text.UART_SetConfig)
    UART_WaitOnFlagUntilTimeout              0x08005511   Thumb Code   832  stm32f3xx_hal_uart.o(.text.UART_WaitOnFlagUntilTimeout)
    VSS_Clear                                0x08005851   Thumb Code    26  virtual_speed_sensor.o(.text.VSS_Clear)
    VSS_Init                                 0x0800586d   Thumb Code     4  virtual_speed_sensor.o(.text.VSS_Init)
    VSS_SetMecAcceleration                   0x08005871   Thumb Code   136  virtual_speed_sensor.o(.text.VSS_SetMecAcceleration)
    main                                     0x080058f9   Thumb Code  1106  main.o(.text.main)
    mc_lock_pins                             0x08005d4d   Thumb Code   304  mc_tasks.o(.text.mc_lock_pins)
    startTimers                              0x08005e7d   Thumb Code   128  pwm_common.o(.text.startTimers)
    waitForPolarizationEnd                   0x08005efd   Thumb Code    76  pwm_common.o(.text.waitForPolarizationEnd)
    _fp_init                                 0x08005f49   Thumb Code    26  fpinit.o(x$fpl$fpinit)
    __fplib_config_fpu_vfp                   0x08005f61   Thumb Code     0  fpinit.o(x$fpl$fpinit)
    __fplib_config_pureend_doubles           0x08005f61   Thumb Code     0  fpinit.o(x$fpl$fpinit)
    AHBPrescTable                            0x08005f62   Data          16  system_stm32f3xx.o(.rodata.AHBPrescTable)
    APBPrescTable                            0x08005f72   Data           8  system_stm32f3xx.o(.rodata.APBPrescTable)
    R3_2_ParamsM1                            0x08005f7c   Data         140  mc_parameters.o(.rodata.R3_2_ParamsM1)
    hSin_Cos_Table                           0x08006038   Data         512  mc_math.o(.rodata.hSin_Cos_Table)
    Region$$Table$$Base                      0x08006238   Number         0  anon$$obj.o(Region$$Table)
    Region$$Table$$Limit                     0x08006258   Number         0  anon$$obj.o(Region$$Table)
    uwTickFreq                               0x20000000   Data           1  stm32f3xx_hal.o(.data..L_MergedGlobals)
    uwTickPrio                               0x20000004   Data           4  stm32f3xx_hal.o(.data..L_MergedGlobals)
    BusVoltageSensor_M1                      0x20000008   Data          18  mc_config_common.o(.data.BusVoltageSensor_M1)
    CircleLimitationM1                       0x2000001a   Data           4  mc_config.o(.data.CircleLimitationM1)
    ENCODER_M1                               0x20000020   Data         136  mc_config_common.o(.data.ENCODER_M1)
    EncAlignCtrlM1                           0x200000a8   Data          28  mc_config_common.o(.data.EncAlignCtrlM1)
    Mci                                      0x200000c4   Data          44  mc_config.o(.data.Mci)
    PIDIdHandle_M1                           0x200000f0   Data          44  mc_config.o(.data.PIDIdHandle_M1)
    PIDIqHandle_M1                           0x2000011c   Data          44  mc_config.o(.data.PIDIqHandle_M1)
    PIDSpeedHandle_M1                        0x20000148   Data          44  mc_config.o(.data.PIDSpeedHandle_M1)
    PID_PosParamsM1                          0x20000174   Data          44  mc_config.o(.data.PID_PosParamsM1)
    PQD_MotorPowMeasM1                       0x200001a0   Data          16  mc_config.o(.data.PQD_MotorPowMeasM1)
    PWM_Handle_M1                            0x200001b0   Data         160  mc_config.o(.data.PWM_Handle_M1)
    PosCtrlM1                                0x20000250   Data         112  mc_config.o(.data.PosCtrlM1)
    RampExtMngrHFParamsM1                    0x200002c0   Data          24  mc_config.o(.data.RampExtMngrHFParamsM1)
    SpeednTorqCtrlM1                         0x200002d8   Data          56  mc_config.o(.data.SpeednTorqCtrlM1)
    SystemCoreClock                          0x20000314   Data           4  system_stm32f3xx.o(.data.SystemCoreClock)
    TempRegConv_M1                           0x20000318   Data          16  mc_config_common.o(.data.TempRegConv_M1)
    TempSensor_M1                            0x20000328   Data          24  mc_config_common.o(.data.TempSensor_M1)
    VbusRegConv_M1                           0x20000340   Data          16  mc_config_common.o(.data.VbusRegConv_M1)
    VirtualSpeedSensorM1                     0x20000350   Data          56  mc_config_common.o(.data.VirtualSpeedSensorM1)
    pMPM                                     0x20000388   Data           4  mc_config.o(.data.pMPM)
    pPIDId                                   0x2000038c   Data           4  mc_config.o(.data.pPIDId)
    pPIDIq                                   0x20000390   Data           4  mc_config.o(.data.pPIDIq)
    pPosCtrl                                 0x20000394   Data           4  mc_config.o(.data.pPosCtrl)
    pSTC                                     0x20000398   Data           4  mc_config.o(.data.pSTC)
    scaleParams_M1                           0x2000039c   Data          16  mc_parameters.o(.data.scaleParams_M1)
    __libspace_start                         0x200003b0   Data          96  libspace.o(.bss)
    __temporary_stack_top$libspace           0x20000410   Data           0  libspace.o(.bss)
    FOCVars                                  0x2000042c   Data          34  mc_config.o(.bss.FOCVars)
    hadc1                                    0x20000454   Data          80  main.o(.bss.hadc1)
    hadc2                                    0x200004a4   Data          80  main.o(.bss.hadc2)
    htim1                                    0x200004f4   Data          76  main.o(.bss.htim1)
    htim2                                    0x20000540   Data          76  main.o(.bss.htim2)
    huart2                                   0x2000058c   Data         136  main.o(.bss.huart2)
    pEAC                                     0x20000614   Data           4  mc_config_common.o(.bss.pEAC)
    pMCI                                     0x20000618   Data           4  motorcontrol.o(.bss.pMCI)
    pREMNG                                   0x2000061c   Data           4  mc_config.o(.bss.pREMNG)
    pwmcHandle                               0x20000620   Data           4  mc_config_common.o(.bss.pwmcHandle)
    uwTick                                   0x20000624   Data           4  stm32f3xx_hal.o(.bss.uwTick)



==============================================================================

Memory Map of the image

  Image Entry point : 0x08000195

  Load Region LR_IROM1 (Base: 0x08000000, Size: 0x00006608, Max: 0x00080000, ABSOLUTE, COMPRESSED[0x000063a8])

    Execution Region ER_IROM1 (Exec base: 0x08000000, Load base: 0x08000000, Size: 0x00006258, Max: 0x00080000, ABSOLUTE)

    Exec Addr    Load Addr    Size         Type   Attr      Idx    E Section Name        Object

    0x08000000   0x08000000   0x00000194   Data   RO            3    RESET               startup_stm32f303xe.o
    0x08000194   0x08000194   0x00000008   Code   RO         2171  * !!!main             c_w.l(__main.o)
    0x0800019c   0x0800019c   0x0000005c   Code   RO         2338    !!!scatter          c_w.l(__scatter.o)
    0x080001f8   0x080001f8   0x0000005a   Code   RO         2336    !!dczerorl2         c_w.l(__dczerorl2.o)
    0x08000252   0x08000252   0x00000002   PAD
    0x08000254   0x08000254   0x00000002   Code   RO         2339    !!handler_null      c_w.l(__scatter.o)
    0x08000256   0x08000256   0x00000002   PAD
    0x08000258   0x08000258   0x0000001c   Code   RO         2342    !!handler_zi        c_w.l(__scatter_zi.o)
    0x08000274   0x08000274   0x00000002   Code   RO         2198    .ARM.Collect$$libinit$$00000000  c_w.l(libinit.o)
    0x08000276   0x08000276   0x00000004   Code   RO         2204    .ARM.Collect$$libinit$$00000001  c_w.l(libinit2.o)
    0x0800027a   0x0800027a   0x00000000   Code   RO         2207    .ARM.Collect$$libinit$$00000004  c_w.l(libinit2.o)
    0x0800027a   0x0800027a   0x00000000   Code   RO         2209    .ARM.Collect$$libinit$$00000006  c_w.l(libinit2.o)
    0x0800027a   0x0800027a   0x00000000   Code   RO         2212    .ARM.Collect$$libinit$$0000000C  c_w.l(libinit2.o)
    0x0800027a   0x0800027a   0x00000000   Code   RO         2214    .ARM.Collect$$libinit$$0000000E  c_w.l(libinit2.o)
    0x0800027a   0x0800027a   0x00000000   Code   RO         2216    .ARM.Collect$$libinit$$00000010  c_w.l(libinit2.o)
    0x0800027a   0x0800027a   0x00000000   Code   RO         2219    .ARM.Collect$$libinit$$00000013  c_w.l(libinit2.o)
    0x0800027a   0x0800027a   0x00000000   Code   RO         2221    .ARM.Collect$$libinit$$00000015  c_w.l(libinit2.o)
    0x0800027a   0x0800027a   0x00000000   Code   RO         2223    .ARM.Collect$$libinit$$00000017  c_w.l(libinit2.o)
    0x0800027a   0x0800027a   0x00000000   Code   RO         2225    .ARM.Collect$$libinit$$00000019  c_w.l(libinit2.o)
    0x0800027a   0x0800027a   0x00000000   Code   RO         2227    .ARM.Collect$$libinit$$0000001B  c_w.l(libinit2.o)
    0x0800027a   0x0800027a   0x00000000   Code   RO         2229    .ARM.Collect$$libinit$$0000001D  c_w.l(libinit2.o)
    0x0800027a   0x0800027a   0x00000000   Code   RO         2231    .ARM.Collect$$libinit$$0000001F  c_w.l(libinit2.o)
    0x0800027a   0x0800027a   0x00000000   Code   RO         2233    .ARM.Collect$$libinit$$00000021  c_w.l(libinit2.o)
    0x0800027a   0x0800027a   0x00000000   Code   RO         2235    .ARM.Collect$$libinit$$00000023  c_w.l(libinit2.o)
    0x0800027a   0x0800027a   0x00000000   Code   RO         2237    .ARM.Collect$$libinit$$00000025  c_w.l(libinit2.o)
    0x0800027a   0x0800027a   0x00000000   Code   RO         2239    .ARM.Collect$$libinit$$00000027  c_w.l(libinit2.o)
    0x0800027a   0x0800027a   0x00000000   Code   RO         2243    .ARM.Collect$$libinit$$0000002E  c_w.l(libinit2.o)
    0x0800027a   0x0800027a   0x00000000   Code   RO         2245    .ARM.Collect$$libinit$$00000030  c_w.l(libinit2.o)
    0x0800027a   0x0800027a   0x00000000   Code   RO         2247    .ARM.Collect$$libinit$$00000032  c_w.l(libinit2.o)
    0x0800027a   0x0800027a   0x00000000   Code   RO         2249    .ARM.Collect$$libinit$$00000034  c_w.l(libinit2.o)
    0x0800027a   0x0800027a   0x00000002   Code   RO         2250    .ARM.Collect$$libinit$$00000035  c_w.l(libinit2.o)
    0x0800027c   0x0800027c   0x00000002   Code   RO         2272    .ARM.Collect$$libshutdown$$00000000  c_w.l(libshutdown.o)
    0x0800027e   0x0800027e   0x00000000   Code   RO         2287    .ARM.Collect$$libshutdown$$00000002  c_w.l(libshutdown2.o)
    0x0800027e   0x0800027e   0x00000000   Code   RO         2289    .ARM.Collect$$libshutdown$$00000004  c_w.l(libshutdown2.o)
    0x0800027e   0x0800027e   0x00000000   Code   RO         2292    .ARM.Collect$$libshutdown$$00000007  c_w.l(libshutdown2.o)
    0x0800027e   0x0800027e   0x00000000   Code   RO         2295    .ARM.Collect$$libshutdown$$0000000A  c_w.l(libshutdown2.o)
    0x0800027e   0x0800027e   0x00000000   Code   RO         2297    .ARM.Collect$$libshutdown$$0000000C  c_w.l(libshutdown2.o)
    0x0800027e   0x0800027e   0x00000000   Code   RO         2300    .ARM.Collect$$libshutdown$$0000000F  c_w.l(libshutdown2.o)
    0x0800027e   0x0800027e   0x00000002   Code   RO         2301    .ARM.Collect$$libshutdown$$00000010  c_w.l(libshutdown2.o)
    0x08000280   0x08000280   0x00000000   Code   RO         2173    .ARM.Collect$$rtentry$$00000000  c_w.l(__rtentry.o)
    0x08000280   0x08000280   0x00000000   Code   RO         2175    .ARM.Collect$$rtentry$$00000002  c_w.l(__rtentry2.o)
    0x08000280   0x08000280   0x00000006   Code   RO         2187    .ARM.Collect$$rtentry$$00000004  c_w.l(__rtentry4.o)
    0x08000286   0x08000286   0x00000000   Code   RO         2177    .ARM.Collect$$rtentry$$00000009  c_w.l(__rtentry2.o)
    0x08000286   0x08000286   0x00000004   Code   RO         2178    .ARM.Collect$$rtentry$$0000000A  c_w.l(__rtentry2.o)
    0x0800028a   0x0800028a   0x00000000   Code   RO         2180    .ARM.Collect$$rtentry$$0000000C  c_w.l(__rtentry2.o)
    0x0800028a   0x0800028a   0x00000008   Code   RO         2181    .ARM.Collect$$rtentry$$0000000D  c_w.l(__rtentry2.o)
    0x08000292   0x08000292   0x00000002   Code   RO         2202    .ARM.Collect$$rtexit$$00000000  c_w.l(rtexit.o)
    0x08000294   0x08000294   0x00000000   Code   RO         2252    .ARM.Collect$$rtexit$$00000002  c_w.l(rtexit2.o)
    0x08000294   0x08000294   0x00000004   Code   RO         2253    .ARM.Collect$$rtexit$$00000003  c_w.l(rtexit2.o)
    0x08000298   0x08000298   0x00000006   Code   RO         2254    .ARM.Collect$$rtexit$$00000004  c_w.l(rtexit2.o)
    0x0800029e   0x0800029e   0x00000002   PAD
    0x080002a0   0x080002a0   0x00000040   Code   RO            4    .text               startup_stm32f303xe.o
    0x080002e0   0x080002e0   0x0000004e   Code   RO         2167    .text               c_w.l(rt_memclr_w.o)
    0x0800032e   0x0800032e   0x00000006   Code   RO         2169    .text               c_w.l(heapauxi.o)
    0x08000334   0x08000334   0x0000004a   Code   RO         2189    .text               c_w.l(sys_stackheap_outer.o)
    0x0800037e   0x0800037e   0x00000012   Code   RO         2191    .text               c_w.l(exit.o)
    0x08000390   0x08000390   0x00000008   Code   RO         2199    .text               c_w.l(libspace.o)
    0x08000398   0x08000398   0x0000000c   Code   RO         2262    .text               c_w.l(sys_exit.o)
    0x080003a4   0x080003a4   0x00000002   Code   RO         2277    .text               c_w.l(use_no_semi.o)
    0x080003a6   0x080003a6   0x00000000   Code   RO         2279    .text               c_w.l(indicate_semi.o)
    0x080003a6   0x080003a6   0x00000002   PAD
    0x080003a8   0x080003a8   0x0000000c   Code   RO          543    .text.ADC1_2_IRQHandler  stm32f30x_mc_it.o
    0x080003b4   0x080003b4   0x00000054   Code   RO         1799    .text.Circle_Limitation  circle_limitation.o
    0x08000408   0x08000408   0x00000034   Code   RO         1824    .text.EAC_Exec      enc_align_ctrl.o
    0x0800043c   0x0800043c   0x0000000a   Code   RO         1820    .text.EAC_Init      enc_align_ctrl.o
    0x08000446   0x08000446   0x00000002   PAD
    0x08000448   0x08000448   0x0000005a   Code   RO         1822    .text.EAC_StartAlignment  enc_align_ctrl.o
    0x080004a2   0x080004a2   0x00000002   PAD
    0x080004a4   0x080004a4   0x0000002e   Code   RO         1840    .text.ENC_CalcAngle  encoder_speed_pos_fdbk.o
    0x080004d2   0x080004d2   0x00000002   PAD
    0x080004d4   0x080004d4   0x00000168   Code   RO         1842    .text.ENC_CalcAvrgMecSpeedUnit  encoder_speed_pos_fdbk.o
    0x0800063c   0x0800063c   0x0000001c   Code   RO         1838    .text.ENC_Clear     encoder_speed_pos_fdbk.o
    0x08000658   0x08000658   0x00000010   Code   RO         1846    .text.ENC_IRQHandler  encoder_speed_pos_fdbk.o
    0x08000668   0x08000668   0x00000070   Code   RO         1836    .text.ENC_Init      encoder_speed_pos_fdbk.o
    0x080006d8   0x080006d8   0x00000026   Code   RO         1844    .text.ENC_SetMecAngle  encoder_speed_pos_fdbk.o
    0x080006fe   0x080006fe   0x00000002   PAD
    0x08000700   0x08000700   0x00000048   Code   RO          283    .text.FOC_CalcCurrRef  mc_tasks_foc.o
    0x08000748   0x08000748   0x00000064   Code   RO          275    .text.FOC_Clear     mc_tasks_foc.o
    0x080007ac   0x080007ac   0x000000fe   Code   RO          285    .text.FOC_HighFrequencyTask  mc_tasks_foc.o
    0x080008aa   0x080008aa   0x00000002   PAD
    0x080008ac   0x080008ac   0x00000120   Code   RO          273    .text.FOC_Init      mc_tasks_foc.o
    0x080009cc   0x080009cc   0x00000002   Code   RO          281    .text.FOC_InitAdditionalMethods  mc_tasks_foc.o
    0x080009ce   0x080009ce   0x00000002   PAD
    0x080009d0   0x080009d0   0x0000054e   Code   RO          749    .text.HAL_ADCEx_InjectedConfigChannel  stm32f3xx_hal_adc_ex.o
    0x08000f1e   0x08000f1e   0x00000002   PAD
    0x08000f20   0x08000f20   0x0000010e   Code   RO          753    .text.HAL_ADCEx_MultiModeConfigChannel  stm32f3xx_hal_adc_ex.o
    0x0800102e   0x0800102e   0x00000002   PAD
    0x08001030   0x08001030   0x0000039c   Code   RO          747    .text.HAL_ADC_ConfigChannel  stm32f3xx_hal_adc_ex.o
    0x080013cc   0x080013cc   0x00000346   Code   RO          673    .text.HAL_ADC_Init  stm32f3xx_hal_adc_ex.o
    0x08001712   0x08001712   0x00000002   PAD
    0x08001714   0x08001714   0x000000f0   Code   RO          594    .text.HAL_ADC_MspInit  stm32f3xx_hal_msp.o
    0x08001804   0x08001804   0x000001b2   Code   RO          875    .text.HAL_GPIO_Init  stm32f3xx_hal_gpio.o
    0x080019b6   0x080019b6   0x00000002   PAD
    0x080019b8   0x080019b8   0x0000000c   Code   RO          775    .text.HAL_GetTick   stm32f3xx_hal.o
    0x080019c4   0x080019c4   0x0000001a   Code   RO          773    .text.HAL_IncTick   stm32f3xx_hal.o
    0x080019de   0x080019de   0x00000002   PAD
    0x080019e0   0x080019e0   0x00000026   Code   RO          763    .text.HAL_Init      stm32f3xx_hal.o
    0x08001a06   0x08001a06   0x00000002   PAD
    0x08001a08   0x08001a08   0x00000048   Code   RO          765    .text.HAL_InitTick  stm32f3xx_hal.o
    0x08001a50   0x08001a50   0x00000036   Code   RO          592    .text.HAL_MspInit   stm32f3xx_hal_msp.o
    0x08001a86   0x08001a86   0x00000002   PAD
    0x08001a88   0x08001a88   0x00000022   Code   RO          935    .text.HAL_NVIC_EnableIRQ  stm32f3xx_hal_cortex.o
    0x08001aaa   0x08001aaa   0x00000002   PAD
    0x08001aac   0x08001aac   0x00000056   Code   RO          933    .text.HAL_NVIC_SetPriority  stm32f3xx_hal_cortex.o
    0x08001b02   0x08001b02   0x00000002   PAD
    0x08001b04   0x08001b04   0x00000020   Code   RO          931    .text.HAL_NVIC_SetPriorityGrouping  stm32f3xx_hal_cortex.o
    0x08001b24   0x08001b24   0x000002ba   Code   RO          860    .text.HAL_RCCEx_PeriphCLKConfig  stm32f3xx_hal_rcc_ex.o
    0x08001dde   0x08001dde   0x00000002   PAD
    0x08001de0   0x08001de0   0x00000186   Code   RO          827    .text.HAL_RCC_ClockConfig  stm32f3xx_hal_rcc.o
    0x08001f66   0x08001f66   0x00000002   PAD
    0x08001f68   0x08001f68   0x0000000c   Code   RO          833    .text.HAL_RCC_EnableCSS  stm32f3xx_hal_rcc.o
    0x08001f74   0x08001f74   0x0000000c   Code   RO          837    .text.HAL_RCC_GetHCLKFreq  stm32f3xx_hal_rcc.o
    0x08001f80   0x08001f80   0x00000026   Code   RO          839    .text.HAL_RCC_GetPCLK1Freq  stm32f3xx_hal_rcc.o
    0x08001fa6   0x08001fa6   0x00000002   PAD
    0x08001fa8   0x08001fa8   0x00000026   Code   RO          841    .text.HAL_RCC_GetPCLK2Freq  stm32f3xx_hal_rcc.o
    0x08001fce   0x08001fce   0x00000002   PAD
    0x08001fd0   0x08001fd0   0x00000042   Code   RO          829    .text.HAL_RCC_GetSysClockFreq  stm32f3xx_hal_rcc.o
    0x08002012   0x08002012   0x00000002   PAD
    0x08002014   0x08002014   0x000003b4   Code   RO          825    .text.HAL_RCC_OscConfig  stm32f3xx_hal_rcc.o
    0x080023c8   0x080023c8   0x00000002   Code   RO          971    .text.HAL_SYSTICK_Callback  stm32f3xx_hal_cortex.o
    0x080023ca   0x080023ca   0x00000002   PAD
    0x080023cc   0x080023cc   0x0000002c   Code   RO          943    .text.HAL_SYSTICK_Config  stm32f3xx_hal_cortex.o
    0x080023f8   0x080023f8   0x00000004   Code   RO          969    .text.HAL_SYSTICK_IRQHandler  stm32f3xx_hal_cortex.o
    0x080023fc   0x080023fc   0x000000b0   Code   RO         1583    .text.HAL_TIMEx_ConfigBreakDeadTime  stm32f3xx_hal_tim_ex.o
    0x080024ac   0x080024ac   0x000000c2   Code   RO         1581    .text.HAL_TIMEx_MasterConfigSynchronization  stm32f3xx_hal_tim_ex.o
    0x0800256e   0x0800256e   0x00000002   PAD
    0x08002570   0x08002570   0x000000b6   Code   RO         1400    .text.HAL_TIM_Encoder_Init  stm32f3xx_hal_tim.o
    0x08002626   0x08002626   0x00000002   PAD
    0x08002628   0x08002628   0x00000096   Code   RO          600    .text.HAL_TIM_Encoder_MspInit  stm32f3xx_hal_msp.o
    0x080026be   0x080026be   0x00000002   PAD
    0x080026c0   0x080026c0   0x000000ae   Code   RO          602    .text.HAL_TIM_MspPostInit  stm32f3xx_hal_msp.o
    0x0800276e   0x0800276e   0x00000002   PAD
    0x08002770   0x08002770   0x000003c0   Code   RO         1440    .text.HAL_TIM_PWM_ConfigChannel  stm32f3xx_hal_tim.o
    0x08002b30   0x08002b30   0x00000062   Code   RO         1340    .text.HAL_TIM_PWM_Init  stm32f3xx_hal_tim.o
    0x08002b92   0x08002b92   0x00000002   PAD
    0x08002b94   0x08002b94   0x00000070   Code   RO          598    .text.HAL_TIM_PWM_MspInit  stm32f3xx_hal_msp.o
    0x08002c04   0x08002c04   0x00000060   Code   RO         1609    .text.HAL_UART_Init  stm32f3xx_hal_uart.o
    0x08002c64   0x08002c64   0x00000070   Code   RO          608    .text.HAL_UART_MspInit  stm32f3xx_hal_msp.o
    0x08002cd4   0x08002cd4   0x00000006   Code   RO          531    .text.HardFault_Handler  stm32_mc_common_it.o
    0x08002cda   0x08002cda   0x00000002   PAD
    0x08002cdc   0x08002cdc   0x00000094   Code   RO          441    .text.MCI_ExecBufferedCommands  mc_interface.o
    0x08002d70   0x08002d70   0x00000010   Code   RO          405    .text.MCI_ExecSpeedRamp  mc_interface.o
    0x08002d80   0x08002d80   0x00000012   Code   RO          439    .text.MCI_FaultProcessing  mc_interface.o
    0x08002d92   0x08002d92   0x00000002   PAD
    0x08002d94   0x08002d94   0x00000004   Code   RO          425    .text.MCI_GetCurrentFaults  mc_interface.o
    0x08002d98   0x08002d98   0x0000000a   Code   RO          459    .text.MCI_GetFaultState  mc_interface.o
    0x08002da2   0x08002da2   0x00000002   PAD
    0x08002da4   0x08002da4   0x00000004   Code   RO          423    .text.MCI_GetOccurredFaults  mc_interface.o
    0x08002da8   0x08002da8   0x00000032   Code   RO          384    .text.MCM_Clarke    mc_math.o
    0x08002dda   0x08002dda   0x00000002   PAD
    0x08002ddc   0x08002ddc   0x00000048   Code   RO          386    .text.MCM_Park      mc_math.o
    0x08002e24   0x08002e24   0x00000026   Code   RO          390    .text.MCM_Rev_Park  mc_math.o
    0x08002e4a   0x08002e4a   0x00000002   PAD
    0x08002e4c   0x08002e4c   0x0000006e   Code   RO          392    .text.MCM_Sqrt      mc_math.o
    0x08002eba   0x08002eba   0x00000002   PAD
    0x08002ebc   0x08002ebc   0x0000008c   Code   RO          388    .text.MCM_Trig_Functions  mc_math.o
    0x08002f48   0x08002f48   0x00000002   Code   RO          580    .text.MC_APP_BootHook  mc_app_hooks.o
    0x08002f4a   0x08002f4a   0x00000002   PAD
    0x08002f4c   0x08002f4c   0x00000002   Code   RO          582    .text.MC_APP_PostMediumFrequencyHook_M1  mc_app_hooks.o
    0x08002f4e   0x08002f4e   0x00000002   PAD
    0x08002f50   0x08002f50   0x0000004c   Code   RO          244    .text.MC_RunMotorControlTasks  mc_tasks.o
    0x08002f9c   0x08002f9c   0x0000007c   Code   RO          242    .text.MCboot        mc_tasks.o
    0x08003018   0x08003018   0x00000040   Code   RO           31    .text.MX_MotorControl_Init  motorcontrol.o
    0x08003058   0x08003058   0x00000050   Code   RO         1896    .text.NTC_CalcAvTemp  ntc_temperature_sensor.o
    0x080030a8   0x080030a8   0x00000022   Code   RO         1894    .text.NTC_Init      ntc_temperature_sensor.o
    0x080030ca   0x080030ca   0x00000002   PAD
    0x080030cc   0x080030cc   0x00000042   Code   RO         1970    .text.PID_Controller  pid_regulator.o
    0x0800310e   0x0800310e   0x00000002   PAD
    0x08003110   0x08003110   0x00000010   Code   RO         1924    .text.PID_HandleInit  pid_regulator.o
    0x08003120   0x08003120   0x00000004   Code   RO         1938    .text.PID_SetIntegralTerm  pid_regulator.o
    0x08003124   0x08003124   0x00000084   Code   RO         1968    .text.PI_Controller  pid_regulator.o
    0x080031a8   0x080031a8   0x00000028   Code   RO         1980    .text.PQD_CalcElMotorPower  pqd_motor_power_measurement.o
    0x080031d0   0x080031d0   0x00000034   Code   RO          307    .text.PWMC_CurrentReadingCalibr  pwm_curr_fdbk.o
    0x08003204   0x08003204   0x00000038   Code   RO          319    .text.PWMC_IsFaultOccurred  pwm_curr_fdbk.o
    0x0800323c   0x0800323c   0x00000014   Code   RO          313    .text.PWMC_OCP_Handler  pwm_curr_fdbk.o
    0x08003250   0x08003250   0x0000001a   Code   RO          317    .text.PWMC_OVP_Handler  pwm_curr_fdbk.o
    0x0800326a   0x0800326a   0x00000002   PAD
    0x0800326c   0x0800326c   0x000001b6   Code   RO          301    .text.PWMC_SetPhaseVoltage  pwm_curr_fdbk.o
    0x08003422   0x08003422   0x00000002   PAD
    0x08003424   0x08003424   0x00000004   Code   RO          303    .text.PWMC_SwitchOffPWM  pwm_curr_fdbk.o
    0x08003428   0x08003428   0x00000004   Code   RO          305    .text.PWMC_SwitchOnPWM  pwm_curr_fdbk.o
    0x0800342c   0x0800342c   0x00000134   Code   RO         2114    .text.R3_2_ADCxInit  r3_2_f30x_pwm_curr_fdbk.o
    0x08003560   0x08003560   0x00000148   Code   RO         2120    .text.R3_2_CurrentReadingPolarization  r3_2_f30x_pwm_curr_fdbk.o
    0x080036a8   0x080036a8   0x00000010   Code   RO         2118    .text.R3_2_GetOffsetCalib  r3_2_f30x_pwm_curr_fdbk.o
    0x080036b8   0x080036b8   0x00000128   Code   RO         2132    .text.R3_2_GetPhaseCurrents  r3_2_f30x_pwm_curr_fdbk.o
    0x080037e0   0x080037e0   0x0000004a   Code   RO         2122    .text.R3_2_HFCurrentsPolarizationAB  r3_2_f30x_pwm_curr_fdbk.o
    0x0800382a   0x0800382a   0x00000002   PAD
    0x0800382c   0x0800382c   0x0000003e   Code   RO         2130    .text.R3_2_HFCurrentsPolarizationC  r3_2_f30x_pwm_curr_fdbk.o
    0x0800386a   0x0800386a   0x00000002   PAD
    0x0800386c   0x0800386c   0x00000322   Code   RO         2112    .text.R3_2_Init     r3_2_f30x_pwm_curr_fdbk.o
    0x08003b8e   0x08003b8e   0x00000002   PAD
    0x08003b90   0x08003b90   0x00000148   Code   RO         2152    .text.R3_2_RLDetectionModeDisable  r3_2_f30x_pwm_curr_fdbk.o
    0x08003cd8   0x08003cd8   0x000000da   Code   RO         2144    .text.R3_2_RLDetectionModeEnable  r3_2_f30x_pwm_curr_fdbk.o
    0x08003db2   0x08003db2   0x00000002   PAD
    0x08003db4   0x08003db4   0x00000038   Code   RO         2154    .text.R3_2_RLDetectionModeSetDuty  r3_2_f30x_pwm_curr_fdbk.o
    0x08003dec   0x08003dec   0x00000042   Code   RO         2146    .text.R3_2_RLGetPhaseCurrents  r3_2_f30x_pwm_curr_fdbk.o
    0x08003e2e   0x08003e2e   0x00000002   PAD
    0x08003e30   0x08003e30   0x00000084   Code   RO         2150    .text.R3_2_RLSwitchOnPWM  r3_2_f30x_pwm_curr_fdbk.o
    0x08003eb4   0x08003eb4   0x0000004a   Code   RO         2148    .text.R3_2_RLTurnOnLowSides  r3_2_f30x_pwm_curr_fdbk.o
    0x08003efe   0x08003efe   0x00000002   PAD
    0x08003f00   0x08003f00   0x0000009e   Code   RO         2156    .text.R3_2_RLTurnOnLowSidesAndStart  r3_2_f30x_pwm_curr_fdbk.o
    0x08003f9e   0x08003f9e   0x00000002   PAD
    0x08003fa0   0x08003fa0   0x00000036   Code   RO         2124    .text.R3_2_SetADCSampPointPolarization  r3_2_f30x_pwm_curr_fdbk.o
    0x08003fd6   0x08003fd6   0x00000002   PAD
    0x08003fd8   0x08003fd8   0x0000007a   Code   RO         2136    .text.R3_2_SetADCSampPointSectX  r3_2_f30x_pwm_curr_fdbk.o
    0x08004052   0x08004052   0x00000002   PAD
    0x08004054   0x08004054   0x00000016   Code   RO         2116    .text.R3_2_SetOffsetCalib  r3_2_f30x_pwm_curr_fdbk.o
    0x0800406a   0x0800406a   0x00000002   PAD
    0x0800406c   0x0800406c   0x00000046   Code   RO         2128    .text.R3_2_SwitchOffPWM  r3_2_f30x_pwm_curr_fdbk.o
    0x080040b2   0x080040b2   0x00000002   PAD
    0x080040b4   0x080040b4   0x000000b0   Code   RO         2126    .text.R3_2_SwitchOnPWM  r3_2_f30x_pwm_curr_fdbk.o
    0x08004164   0x08004164   0x00000084   Code   RO         2142    .text.R3_2_TIMx_UP_IRQHandler  r3_2_f30x_pwm_curr_fdbk.o
    0x080041e8   0x080041e8   0x00000072   Code   RO         2140    .text.R3_2_TurnOnLowSides  r3_2_f30x_pwm_curr_fdbk.o
    0x0800425a   0x0800425a   0x00000002   PAD
    0x0800425c   0x0800425c   0x00000068   Code   RO          367    .text.RCM_ExecNextConv  regular_conversion_manager.o
    0x080042c4   0x080042c4   0x00000046   Code   RO          369    .text.RCM_ReadOngoingConv  regular_conversion_manager.o
    0x0800430a   0x0800430a   0x00000002   PAD
    0x0800430c   0x0800430c   0x00000124   Code   RO          365    .text.RCM_RegisterRegConv  regular_conversion_manager.o
    0x08004430   0x08004430   0x00000010   Code   RO         2006    .text.REMNG_Init    ramp_ext_mngr.o
    0x08004440   0x08004440   0x00000070   Code   RO         1996    .text.RVBS_CalcAvVbus  r_divider_bus_voltage_sensor.o
    0x080044b0   0x080044b0   0x0000000c   Code   RO         1994    .text.RVBS_Init     r_divider_bus_voltage_sensor.o
    0x080044bc   0x080044bc   0x00000006   Code   RO         2062    .text.SPD_GetAvrgMecSpeedUnit  speed_pos_fdbk.o
    0x080044c2   0x080044c2   0x00000002   PAD
    0x080044c4   0x080044c4   0x00000004   Code   RO         2060    .text.SPD_GetMecAngle  speed_pos_fdbk.o
    0x080044c8   0x080044c8   0x0000005c   Code   RO         2066    .text.SPD_IsMecSpeedReliable  speed_pos_fdbk.o
    0x08004524   0x08004524   0x00000054   Code   RO           52    .text.STC_CalcTorqueReference  speed_torq_ctrl.o
    0x08004578   0x08004578   0x0000001a   Code   RO           44    .text.STC_Clear     speed_torq_ctrl.o
    0x08004592   0x08004592   0x00000002   PAD
    0x08004594   0x08004594   0x0000009a   Code   RO           50    .text.STC_ExecRamp  speed_torq_ctrl.o
    0x0800462e   0x0800462e   0x00000002   PAD
    0x08004630   0x08004630   0x00000010   Code   RO           64    .text.STC_ForceSpeedReferenceToCurrentSpeed  speed_torq_ctrl.o
    0x08004640   0x08004640   0x00000006   Code   RO           62    .text.STC_GetDefaultIqdref  speed_torq_ctrl.o
    0x08004646   0x08004646   0x00000002   PAD
    0x08004648   0x08004648   0x00000006   Code   RO           54    .text.STC_GetMecSpeedRefUnitDefault  speed_torq_ctrl.o
    0x0800464e   0x0800464e   0x00000002   PAD
    0x08004650   0x08004650   0x0000002c   Code   RO           40    .text.STC_Init      speed_torq_ctrl.o
    0x0800467c   0x0800467c   0x00000008   Code   RO           48    .text.STC_SetControlMode  speed_torq_ctrl.o
    0x08004684   0x08004684   0x00000004   Code   RO           42    .text.STC_SetSpeedSensor  speed_torq_ctrl.o
    0x08004688   0x08004688   0x00000032   Code   RO          533    .text.SysTick_Handler  stm32_mc_common_it.o
    0x080046ba   0x080046ba   0x00000002   PAD
    0x080046bc   0x080046bc   0x00000098   Code   RO           13    .text.SystemClock_Config  main.o
    0x08004754   0x08004754   0x00000012   Code   RO         1772    .text.SystemInit    system_stm32f3xx.o
    0x08004766   0x08004766   0x00000002   PAD
    0x08004768   0x08004768   0x0000012c   Code   RO         1866    .text.TC_EncAlignmentCommand  trajectory_ctrl.o
    0x08004894   0x08004894   0x00000008   Code   RO         1884    .text.TC_IncTick    trajectory_ctrl.o
    0x0800489c   0x0800489c   0x0000003e   Code   RO         1856    .text.TC_Init       trajectory_ctrl.o
    0x080048da   0x080048da   0x00000002   PAD
    0x080048dc   0x080048dc   0x00000108   Code   RO         1864    .text.TC_MoveExecution  trajectory_ctrl.o
    0x080049e4   0x080049e4   0x00000094   Code   RO         1862    .text.TC_PositionRegulation  trajectory_ctrl.o
    0x08004a78   0x08004a78   0x00000056   Code   RO          547    .text.TIM1_BRK_TIM15_IRQHandler  stm32f30x_mc_it.o
    0x08004ace   0x08004ace   0x00000002   PAD
    0x08004ad0   0x08004ad0   0x0000001a   Code   RO          545    .text.TIM1_UP_TIM16_IRQHandler  stm32f30x_mc_it.o
    0x08004aea   0x08004aea   0x00000002   PAD
    0x08004aec   0x08004aec   0x0000002a   Code   RO          529    .text.TIM2_IRQHandler  stm32_mc_common_it.o
    0x08004b16   0x08004b16   0x00000002   PAD
    0x08004b18   0x08004b18   0x00000156   Code   RO         1290    .text.TIM_Base_SetConfig  stm32f3xx_hal_tim.o
    0x08004c6e   0x08004c6e   0x00000002   PAD
    0x08004c70   0x08004c70   0x00000012   Code   RO          250    .text.TSK_ChargeBootCapDelayHasElapsedM1  mc_tasks.o
    0x08004c82   0x08004c82   0x00000002   PAD
    0x08004c84   0x08004c84   0x0000001c   Code   RO          260    .text.TSK_HardwareFaultTask  mc_tasks.o
    0x08004ca0   0x08004ca0   0x0000000c   Code   RO          256    .text.TSK_HighFrequencyTask  mc_tasks.o
    0x08004cac   0x08004cac   0x00000046   Code   RO          277    .text.TSK_MF_StopProcessing  mc_tasks_foc.o
    0x08004cf2   0x08004cf2   0x00000002   PAD
    0x08004cf4   0x08004cf4   0x00000312   Code   RO          279    .text.TSK_MediumFrequencyTaskM1  mc_tasks_foc.o
    0x08005006   0x08005006   0x00000002   PAD
    0x08005008   0x08005008   0x00000016   Code   RO          246    .text.TSK_SafetyTask  mc_tasks.o
    0x0800501e   0x0800501e   0x00000002   PAD
    0x08005020   0x08005020   0x000000b0   Code   RO          258    .text.TSK_SafetyTask_PWMOFF  mc_tasks.o
    0x080050d0   0x080050d0   0x0000000c   Code   RO          248    .text.TSK_SetChargeBootCapDelayM1  mc_tasks.o
    0x080050dc   0x080050dc   0x0000000c   Code   RO          252    .text.TSK_SetStopPermanencyTimeM1  mc_tasks.o
    0x080050e8   0x080050e8   0x00000012   Code   RO          254    .text.TSK_StopPermanencyTimeHasElapsedM1  mc_tasks.o
    0x080050fa   0x080050fa   0x00000002   PAD
    0x080050fc   0x080050fc   0x000000e6   Code   RO         1613    .text.UART_AdvFeatureConfig  stm32f3xx_hal_uart.o
    0x080051e2   0x080051e2   0x00000002   PAD
    0x080051e4   0x080051e4   0x00000168   Code   RO         1617    .text.UART_CheckIdleState  stm32f3xx_hal_uart.o
    0x0800534c   0x0800534c   0x000001c4   Code   RO         1615    .text.UART_SetConfig  stm32f3xx_hal_uart.o
    0x08005510   0x08005510   0x00000340   Code   RO         1631    .text.UART_WaitOnFlagUntilTimeout  stm32f3xx_hal_uart.o
    0x08005850   0x08005850   0x0000001a   Code   RO         2084    .text.VSS_Clear     virtual_speed_sensor.o
    0x0800586a   0x0800586a   0x00000002   PAD
    0x0800586c   0x0800586c   0x00000004   Code   RO         2082    .text.VSS_Init      virtual_speed_sensor.o
    0x08005870   0x08005870   0x00000088   Code   RO         2090    .text.VSS_SetMecAcceleration  virtual_speed_sensor.o
    0x080058f8   0x080058f8   0x00000452   Code   RO           11    .text.main          main.o
    0x08005d4a   0x08005d4a   0x00000002   PAD
    0x08005d4c   0x08005d4c   0x00000130   Code   RO          262    .text.mc_lock_pins  mc_tasks.o
    0x08005e7c   0x08005e7c   0x00000080   Code   RO           74    .text.startTimers   pwm_common.o
    0x08005efc   0x08005efc   0x0000004c   Code   RO           76    .text.waitForPolarizationEnd  pwm_common.o
    0x08005f48   0x08005f48   0x0000001a   Code   RO         2260    x$fpl$fpinit        fz_wm.l(fpinit.o)
    0x08005f62   0x08005f62   0x00000010   Data   RO         1777    .rodata.AHBPrescTable  system_stm32f3xx.o
    0x08005f72   0x08005f72   0x00000008   Data   RO         1778    .rodata.APBPrescTable  system_stm32f3xx.o
    0x08005f7a   0x08005f7a   0x00000002   PAD
    0x08005f7c   0x08005f7c   0x0000008c   Data   RO          557    .rodata.R3_2_ParamsM1  mc_parameters.o
    0x08006008   0x08006008   0x00000020   Data   RO          851    .rodata.cst16       stm32f3xx_hal_rcc.o
    0x08006028   0x08006028   0x00000010   Data   RO         1735    .rodata.cst16       stm32f3xx_hal_uart.o
    0x08006038   0x08006038   0x00000200   Data   RO          396    .rodata.hSin_Cos_Table  mc_math.o
    0x08006238   0x08006238   0x00000020   Data   RO         2335    Region$$Table       anon$$obj.o


    Execution Region RW_IRAM2 (Exec base: 0x10000000, Load base: 0x080063a8, Size: 0x00000000, Max: 0x00004000, ABSOLUTE)

    **** No section assigned to this execution region ****


    Execution Region RW_IRAM1 (Exec base: 0x20000000, Load base: 0x08006258, Size: 0x00000c28, Max: 0x00010000, ABSOLUTE, COMPRESSED[0x00000150])

    Exec Addr    Load Addr    Size         Type   Attr      Idx    E Section Name        Object

    0x20000000   COMPRESSED   0x00000008   Data   RW          814    .data..L_MergedGlobals  stm32f3xx_hal.o
    0x20000008   COMPRESSED   0x00000012   Data   RW          234    .data.BusVoltageSensor_M1  mc_config_common.o
    0x2000001a   COMPRESSED   0x00000004   Data   RW          213    .data.CircleLimitationM1  mc_config.o
    0x2000001e   COMPRESSED   0x00000002   PAD
    0x20000020   COMPRESSED   0x00000088   Data   RW          228    .data.ENCODER_M1    mc_config_common.o
    0x200000a8   COMPRESSED   0x0000001c   Data   RW          229    .data.EncAlignCtrlM1  mc_config_common.o
    0x200000c4   COMPRESSED   0x0000002c   Data   RW          221    .data.Mci           mc_config.o
    0x200000f0   COMPRESSED   0x0000002c   Data   RW          207    .data.PIDIdHandle_M1  mc_config.o
    0x2000011c   COMPRESSED   0x0000002c   Data   RW          206    .data.PIDIqHandle_M1  mc_config.o
    0x20000148   COMPRESSED   0x0000002c   Data   RW          205    .data.PIDSpeedHandle_M1  mc_config.o
    0x20000174   COMPRESSED   0x0000002c   Data   RW          208    .data.PID_PosParamsM1  mc_config.o
    0x200001a0   COMPRESSED   0x00000010   Data   RW          204    .data.PQD_MotorPowMeasM1  mc_config.o
    0x200001b0   COMPRESSED   0x000000a0   Data   RW          211    .data.PWM_Handle_M1  mc_config.o
    0x20000250   COMPRESSED   0x00000070   Data   RW          209    .data.PosCtrlM1     mc_config.o
    0x200002c0   COMPRESSED   0x00000018   Data   RW          212    .data.RampExtMngrHFParamsM1  mc_config.o
    0x200002d8   COMPRESSED   0x00000038   Data   RW          210    .data.SpeednTorqCtrlM1  mc_config.o
    0x20000310   COMPRESSED   0x00000001   Data   RW          535    .data.SysTick_Handler.SystickDividerCounter  stm32_mc_common_it.o
    0x20000311   COMPRESSED   0x00000003   PAD
    0x20000314   COMPRESSED   0x00000004   Data   RW         1776    .data.SystemCoreClock  system_stm32f3xx.o
    0x20000318   COMPRESSED   0x00000010   Data   RW          231    .data.TempRegConv_M1  mc_config_common.o
    0x20000328   COMPRESSED   0x00000018   Data   RW          232    .data.TempSensor_M1  mc_config_common.o
    0x20000340   COMPRESSED   0x00000010   Data   RW          233    .data.VbusRegConv_M1  mc_config_common.o
    0x20000350   COMPRESSED   0x00000038   Data   RW          230    .data.VirtualSpeedSensorM1  mc_config_common.o
    0x20000388   COMPRESSED   0x00000004   Data   RW          218    .data.pMPM          mc_config.o
    0x2000038c   COMPRESSED   0x00000004   Data   RW          217    .data.pPIDId        mc_config.o
    0x20000390   COMPRESSED   0x00000004   Data   RW          216    .data.pPIDIq        mc_config.o
    0x20000394   COMPRESSED   0x00000004   Data   RW          219    .data.pPosCtrl      mc_config.o
    0x20000398   COMPRESSED   0x00000004   Data   RW          214    .data.pSTC          mc_config.o
    0x2000039c   COMPRESSED   0x00000010   Data   RW          558    .data.scaleParams_M1  mc_parameters.o
    0x200003ac   COMPRESSED   0x00000004   PAD
    0x200003b0        -       0x00000060   Zero   RW         2200    .bss                c_w.l(libspace.o)
    0x20000410        -       0x00000008   Zero   RW          264    .bss..L_MergedGlobals  mc_tasks.o
    0x20000418        -       0x00000014   Zero   RW          375    .bss..L_MergedGlobals  regular_conversion_manager.o
    0x2000042c        -       0x00000022   Zero   RW          220    .bss.FOCVars        mc_config.o
    0x2000044e   COMPRESSED   0x00000002   PAD
    0x20000450        -       0x00000004   Zero   RW          612    .bss.HAL_RCC_ADC12_CLK_ENABLED  stm32f3xx_hal_msp.o
    0x20000454        -       0x00000050   Zero   RW           17    .bss.hadc1          main.o
    0x200004a4        -       0x00000050   Zero   RW           18    .bss.hadc2          main.o
    0x200004f4        -       0x0000004c   Zero   RW           19    .bss.htim1          main.o
    0x20000540        -       0x0000004c   Zero   RW           20    .bss.htim2          main.o
    0x2000058c        -       0x00000088   Zero   RW           21    .bss.huart2         main.o
    0x20000614        -       0x00000004   Zero   RW          235    .bss.pEAC           mc_config_common.o
    0x20000618        -       0x00000004   Zero   RW           33    .bss.pMCI           motorcontrol.o
    0x2000061c        -       0x00000004   Zero   RW          222    .bss.pREMNG         mc_config.o
    0x20000620        -       0x00000004   Zero   RW          236    .bss.pwmcHandle     mc_config_common.o
    0x20000624        -       0x00000004   Zero   RW          813    .bss.uwTick         stm32f3xx_hal.o
    0x20000628        -       0x00000200   Zero   RW            2    HEAP                startup_stm32f303xe.o
    0x20000828        -       0x00000400   Zero   RW            1    STACK               startup_stm32f303xe.o


==============================================================================

Image component sizes


      Code (inc. data)   RO Data    RW Data    ZI Data      Debug   Object Name

        84          0          0          0          0       1747   circle_limitation.o
       152          0          0          0          0       5675   enc_align_ctrl.o
       600          0          0          0          0       6878   encoder_speed_pos_fdbk.o
      1258          0          0          0        448      16675   main.o
         4          0          0          0          0        462   mc_app_hooks.o
         0          0          0        612         38      12870   mc_config.o
         0          0          0        294          8       8936   mc_config_common.o
       200          0          0          0          0      23280   mc_interface.o
       410          4        512          0          0       4102   mc_math.o
         0          0        140         16          0       3103   mc_parameters.o
       802          0          0          0          8      13646   mc_tasks.o
      1572         42          0          0          0      13674   mc_tasks_foc.o
        64          0          0          0          4      11147   motorcontrol.o
       114          0          0          0          0       2399   ntc_temperature_sensor.o
       218          0          0          0          0       5955   pid_regulator.o
        40          0          0          0          0       2445   pqd_motor_power_measurement.o
       204          0          0          0          0       3424   pwm_common.o
       600          0          0          0          0      11134   pwm_curr_fdbk.o
      3608          0          0          0          0      30563   r3_2_f30x_pwm_curr_fdbk.o
       124          0          0          0          0       2276   r_divider_bus_voltage_sensor.o
        16          0          0          0          0       3346   ramp_ext_mngr.o
       466          0          0          0         20       5528   regular_conversion_manager.o
       102          0          0          0          0       3039   speed_pos_fdbk.o
       348          0          0          0          0       6262   speed_torq_ctrl.o
        64         26        404          0       1536        828   startup_stm32f303xe.o
        98          0          0          1          0       5832   stm32_mc_common_it.o
       124          0          0          0          0       7172   stm32f30x_mc_it.o
       148          0          0          8          4       6521   stm32f3xx_hal.o
      3390         36          0          0          0      32638   stm32f3xx_hal_adc_ex.o
       202          0          0          0          0      10515   stm32f3xx_hal_cortex.o
       434          0          0          0          0       4904   stm32f3xx_hal_gpio.o
       842          0          0          0          4      12081   stm32f3xx_hal_msp.o
      1504          0         32          0          0       7589   stm32f3xx_hal_rcc.o
       698          0          0          0          0       7151   stm32f3xx_hal_rcc_ex.o
      1582         14          0          0          0      62636   stm32f3xx_hal_tim.o
       370          0          0          0          0      22418   stm32f3xx_hal_tim_ex.o
      1970         38         16          0          0      36028   stm32f3xx_hal_uart.o
        18          0         24          4          0       2174   system_stm32f3xx.o
       782         16          0          0          0      10089   trajectory_ctrl.o
       166          0          0          0          0       5501   virtual_speed_sensor.o

    ----------------------------------------------------------------------
     23520        176       1162        940       2076     432643   Object Totals
         0          0         32          0          0          0   (incl. Generated)
       142          0          2          5          6          0   (incl. Padding)

    ----------------------------------------------------------------------

      Code (inc. data)   RO Data    RW Data    ZI Data      Debug   Library Member Name

        90          0          0          0          0          0   __dczerorl2.o
         8          0          0          0          0         68   __main.o
         0          0          0          0          0          0   __rtentry.o
        12          0          0          0          0          0   __rtentry2.o
         6          0          0          0          0          0   __rtentry4.o
        94          8          0          0          0          0   __scatter.o
        28          0          0          0          0          0   __scatter_zi.o
        18          0          0          0          0         80   exit.o
         6          0          0          0          0        152   heapauxi.o
         0          0          0          0          0          0   indicate_semi.o
         2          0          0          0          0          0   libinit.o
         6          0          0          0          0          0   libinit2.o
         2          0          0          0          0          0   libshutdown.o
         2          0          0          0          0          0   libshutdown2.o
         8          4          0          0         96         68   libspace.o
        78          0          0          0          0         80   rt_memclr_w.o
         2          0          0          0          0          0   rtexit.o
        10          0          0          0          0          0   rtexit2.o
        12          4          0          0          0         68   sys_exit.o
        74          0          0          0          0         80   sys_stackheap_outer.o
         2          0          0          0          0         68   use_no_semi.o
        26          0          0          0          0        116   fpinit.o

    ----------------------------------------------------------------------
       494         16          0          0         96        780   Library Totals
         8          0          0          0          0          0   (incl. Padding)

    ----------------------------------------------------------------------

      Code (inc. data)   RO Data    RW Data    ZI Data      Debug   Library Name

       460         16          0          0         96        664   c_w.l
        26          0          0          0          0        116   fz_wm.l

    ----------------------------------------------------------------------
       494         16          0          0         96        780   Library Totals

    ----------------------------------------------------------------------

==============================================================================


      Code (inc. data)   RO Data    RW Data    ZI Data      Debug   

     24014        192       1162        940       2172     432583   Grand Totals
     24014        192       1162        336       2172     432583   ELF Image Totals (compressed)
     24014        192       1162        336          0          0   ROM Totals

==============================================================================

    Total RO  Size (Code + RO Data)                25176 (  24.59kB)
    Total RW  Size (RW Data + ZI Data)              3112 (   3.04kB)
    Total ROM Size (Code + RO Data + RW Data)      25512 (  24.91kB)

==============================================================================

